Component: ARM Compiler 5.06 update 6 (build 750) Tool: armlink [4d35ed]

==============================================================================

Section Cross References

    project_main.o(i.BSP_LED_Init) refers to stm32f4xx_rcc.o(i.RCC_AHB1PeriphClockCmd) for RCC_AHB1PeriphClockCmd
    project_main.o(i.BSP_LED_Init) refers to stm32f4xx_gpio.o(i.GPIO_Init) for GPIO_Init
    project_main.o(i.BSP_LED_Init) refers to project_main.o(.constdata) for .constdata
    project_main.o(i.BSP_LED_Init) refers to project_main.o(.data) for .data
    project_main.o(i.BSP_LED_Toggle) refers to project_main.o(.data) for .data
    project_main.o(i.BSP_LED_Toggle) refers to project_main.o(.constdata) for .constdata
    project_main.o(i.main) refers to project_main.o(i.BSP_LED_Init) for BSP_LED_Init
    project_main.o(i.main) refers to shell.o(i.sh_init) for sh_init
    project_main.o(i.main) refers to tn.o(i.tn_start_system) for tn_start_system
    project_main.o(i.main) refers to project_main.o(.data) for .data
    project_main.o(i.task_io_func) refers to project_main.o(i.BSP_LED_Toggle) for BSP_LED_Toggle
    project_main.o(i.task_io_func) refers to tn_task.o(i.tn_task_sleep) for tn_task_sleep
    project_main.o(i.task_io_func) refers to strcpy.o(.text) for strcpy
    project_main.o(i.task_io_func) refers to strlen.o(.text) for strlen
    project_main.o(i.task_io_func) refers to prj_shell_func.o(i.do_itoa) for do_itoa
    project_main.o(i.task_io_func) refers to strcat.o(.text) for strcat
    project_main.o(i.task_io_func) refers to stm32f4_uart.o(i.uart2_tx_str) for uart2_tx_str
    project_main.o(i.task_main_func) refers to tn_dqueue.o(i.tn_dqueue_receive) for tn_dqueue_receive
    project_main.o(i.task_main_func) refers to stm32f4_uart.o(i.uart2_tx_str) for uart2_tx_str
    project_main.o(i.task_main_func) refers to shell.o(i.sh_do_cmd_exec) for sh_do_cmd_exec
    project_main.o(i.task_main_func) refers to project_main.o(.data) for .data
    project_main.o(i.task_main_func) refers to project_main.o(.bss) for .bss
    project_main.o(i.task_uart2_rx_func) refers to stm32f4_uart.o(i.bsp_uart2_read) for bsp_uart2_read
    project_main.o(i.task_uart2_rx_func) refers to shell.o(i.sh_input) for sh_input
    project_main.o(i.task_uart2_rx_func) refers to project_main.o(.data) for .data
    project_main.o(i.task_uart2_rx_func) refers to project_main.o(.bss) for .bss
    project_main.o(i.tn_app_init) refers to stm32f4_uart.o(i.bsp_uart2_open) for bsp_uart2_open
    project_main.o(i.tn_app_init) refers to tn_task.o(i.tn_task_create) for tn_task_create
    project_main.o(i.tn_app_init) refers to tn_dqueue.o(i.tn_dqueue_create) for tn_dqueue_create
    project_main.o(i.tn_app_init) refers to tn.o(.data) for tn_idle_task_hook_func
    project_main.o(i.tn_app_init) refers to project_main.o(.bss) for .bss
    project_main.o(i.tn_app_init) refers to project_main.o(i.tn_os_tick_task_func) for tn_os_tick_task_func
    project_main.o(i.tn_app_init) refers to project_main.o(i.task_uart2_rx_func) for task_uart2_rx_func
    project_main.o(i.tn_app_init) refers to project_main.o(i.task_main_func) for task_main_func
    project_main.o(i.tn_app_init) refers to project_main.o(i.task_io_func) for task_io_func
    project_main.o(i.tn_os_tick_task_func) refers to tn_sem.o(i.tn_sem_acquire) for tn_sem_acquire
    project_main.o(i.tn_os_tick_task_func) refers to tn_sys.o(i.tn_os_timers_tick_proc) for tn_os_timers_tick_proc
    project_main.o(i.tn_os_tick_task_func) refers to tn_timer.o(i.tn_user_timers_tick_proc) for tn_user_timers_tick_proc
    project_main.o(i.tn_os_tick_task_func) refers to tn.o(.bss) for tn_sys_tick_sem
    project_main.o(.data) refers to project_main.o(.bss) for g_shell_ds
    tn_user.o(i.DMA1_Stream6_IRQHandler) refers to stm32f4xx_dma.o(i.DMA_GetITStatus) for DMA_GetITStatus
    tn_user.o(i.DMA1_Stream6_IRQHandler) refers to tn_sem.o(i.tn_sem_signal) for tn_sem_signal
    tn_user.o(i.DMA1_Stream6_IRQHandler) refers to stm32f4xx_dma.o(i.DMA_ClearITPendingBit) for DMA_ClearITPendingBit
    tn_user.o(i.DMA1_Stream6_IRQHandler) refers to tn_port_cortexm0_m7_asm.o(.text) for tn_int_exit
    tn_user.o(i.DMA1_Stream6_IRQHandler) refers to project_main.o(.bss) for g_uart2_info
    tn_user.o(i.SysTick_Handler) refers to tn.o(i.tn_tick_int_processing) for tn_tick_int_processing
    tn_user.o(i.SysTick_Handler) refers to tn_port_cortexm0_m7_asm.o(.text) for tn_int_exit
    prj_shell_func.o(i.sh_exec_cmd_1) refers to stm32f4_uart.o(i.uart2_tx_str) for uart2_tx_str
    prj_shell_func.o(i.sh_exec_cmd_2) refers to stm32f4_uart.o(i.uart2_tx_str) for uart2_tx_str
    prj_shell_func.o(i.sh_exec_cmd_3) refers to stm32f4_uart.o(i.uart2_tx_str) for uart2_tx_str
    prj_shell_func.o(i.sh_exec_cmd_psw) refers to stm32f4_uart.o(i.uart2_tx_str) for uart2_tx_str
    prj_shell_func.o(i.sh_exec_cmd_ver) refers to stm32f4_uart.o(i.uart2_tx_str) for uart2_tx_str
[...]
    tn_timer.o(i.tn_user_timers_tick_proc) refers to tn_timer.o(i.tn_user_timer_start) for tn_user_timer_start
    tn_timer.o(i.tn_user_timers_tick_proc) refers to tn.o(.bss) for tn_user_timer_list_tick
    tn_timer.o(i.tn_user_timers_tick_proc) refers to tn.o(.data) for tn_user_timer_list_gen
    tn_timer.o(i.user_tick_list_index) refers to tn.o(.data) for tn_sys_tick_count
    tn_utils.o(i.queue_insert_by_priority) refers to tn_utils.o(i.queue_add_tail) for queue_add_tail
    stm32f4_uart.o(i.bsp_uart2_close) refers to tn_port_cortexm0_m7_asm.o(.text) for tn_cpu_save_sr
    stm32f4_uart.o(i.bsp_uart2_close) refers to stm32f4_uart.o(i.NVIC_DisableIRQ) for NVIC_DisableIRQ
    stm32f4_uart.o(i.bsp_uart2_close) refers to stm32f4xx_dma.o(i.DMA_DeInit) for DMA_DeInit
    stm32f4_uart.o(i.bsp_uart2_close) refers to stm32f4xx_usart.o(i.USART_DMACmd) for USART_DMACmd
    stm32f4_uart.o(i.bsp_uart2_close) refers to stm32f4xx_dma.o(i.DMA_Cmd) for DMA_Cmd
    stm32f4_uart.o(i.bsp_uart2_close) refers to stm32f4xx_usart.o(i.USART_Cmd) for USART_Cmd
    stm32f4_uart.o(i.bsp_uart2_open) refers to tn_port_cortexm0_m7_asm.o(.text) for tn_cpu_save_sr
    stm32f4_uart.o(i.bsp_uart2_open) refers to memseta.o(.text) for __aeabi_memclr4
    stm32f4_uart.o(i.bsp_uart2_open) refers to tn_sem.o(i.tn_sem_create) for tn_sem_create
    stm32f4_uart.o(i.bsp_uart2_open) refers to stm32f4xx_rcc.o(i.RCC_AHB1PeriphClockCmd) for RCC_AHB1PeriphClockCmd
    stm32f4_uart.o(i.bsp_uart2_open) refers to stm32f4xx_rcc.o(i.RCC_APB1PeriphClockCmd) for RCC_APB1PeriphClockCmd
    stm32f4_uart.o(i.bsp_uart2_open) refers to stm32f4xx_gpio.o(i.GPIO_PinAFConfig) for GPIO_PinAFConfig
    stm32f4_uart.o(i.bsp_uart2_open) refers to stm32f4xx_gpio.o(i.GPIO_Init) for GPIO_Init
    stm32f4_uart.o(i.bsp_uart2_open) refers to stm32f4xx_usart.o(i.USART_Init) for USART_Init
    stm32f4_uart.o(i.bsp_uart2_open) refers to stm32f4xx_dma.o(i.DMA_Init) for DMA_Init
    stm32f4_uart.o(i.bsp_uart2_open) refers to stm32f4xx_usart.o(i.USART_DMACmd) for USART_DMACmd
    stm32f4_uart.o(i.bsp_uart2_open) refers to stm32f4xx_dma.o(i.DMA_Cmd) for DMA_Cmd
    stm32f4_uart.o(i.bsp_uart2_open) refers to stm32f4xx_usart.o(i.USART_Cmd) for USART_Cmd
    stm32f4_uart.o(i.bsp_uart2_read) refers to tn_task.o(i.tn_task_sleep) for tn_task_sleep
    stm32f4_uart.o(i.bsp_uart2_transmit) refers to tn_sem.o(i.tn_sem_acquire) for tn_sem_acquire
    stm32f4_uart.o(i.bsp_uart2_transmit) refers to stm32f4xx_dma.o(i.DMA_Init) for DMA_Init
    stm32f4_uart.o(i.bsp_uart2_transmit) refers to stm32f4xx_usart.o(i.USART_DMACmd) for USART_DMACmd
    stm32f4_uart.o(i.bsp_uart2_transmit) refers to stm32f4xx_dma.o(i.DMA_ITConfig) for DMA_ITConfig
    stm32f4_uart.o(i.bsp_uart2_transmit) refers to stm32f4xx_dma.o(i.DMA_Cmd) for DMA_Cmd
    stm32f4_uart.o(i.bsp_uart2_transmit) refers to stm32f4_uart.o(i.NVIC_DisableIRQ) for NVIC_DisableIRQ
    stm32f4_uart.o(i.bsp_uart2_transmit) refers to tn_sem.o(i.tn_sem_signal) for tn_sem_signal
    stm32f4_uart.o(i.uart2_tx_char) refers to stm32f4_uart.o(i.bsp_uart2_transmit) for bsp_uart2_transmit
    stm32f4_uart.o(i.uart2_tx_char) refers to project_main.o(.bss) for g_uart2_info
    stm32f4_uart.o(i.uart2_tx_str) refers to strlen.o(.text) for strlen
    stm32f4_uart.o(i.uart2_tx_str) refers to stm32f4_uart.o(i.bsp_uart2_transmit) for bsp_uart2_transmit
    stm32f4_uart.o(i.uart2_tx_str) refers to project_main.o(.bss) for g_uart2_info
    stm32f4xx_gpio.o(i.GPIO_DeInit) refers to stm32f4xx_rcc.o(i.RCC_AHB1PeriphResetCmd) for RCC_AHB1PeriphResetCmd
    stm32f4xx_rcc.o(i.RCC_GetClocksFreq) refers to stm32f4xx_rcc.o(.data) for .data
    stm32f4xx_rcc.o(i.RCC_WaitForHSEStartUp) refers to stm32f4xx_rcc.o(i.RCC_GetFlagStatus) for RCC_GetFlagStatus
    stm32f4xx_usart.o(i.USART_DeInit) refers to stm32f4xx_rcc.o(i.RCC_APB2PeriphResetCmd) for RCC_APB2PeriphResetCmd
    stm32f4xx_usart.o(i.USART_DeInit) refers to stm32f4xx_rcc.o(i.RCC_APB1PeriphResetCmd) for RCC_APB1PeriphResetCmd
    stm32f4xx_usart.o(i.USART_Init) refers to stm32f4xx_rcc.o(i.RCC_GetClocksFreq) for RCC_GetClocksFreq
    system_stm32f4xx.o(i.SystemCoreClockUpdate) refers to system_stm32f4xx.o(.data) for .data
    system_stm32f4xx.o(i.SystemInit) refers to system_stm32f4xx.o(i.SetSysClock) for SetSysClock
    startup_stm32f746xx_keil.o(RESET) refers to startup_stm32f746xx_keil.o(STACK) for __initial_sp
    startup_stm32f746xx_keil.o(RESET) refers to startup_stm32f746xx_keil.o(.text) for Reset_Handler
    startup_stm32f746xx_keil.o(RESET) refers to tn_port_cortexm0_m7_asm.o(.text) for PendSV_Handler
    startup_stm32f746xx_keil.o(RESET) refers to tn_user.o(i.SysTick_Handler) for SysTick_Handler
    startup_stm32f746xx_keil.o(RESET) refers to tn_user.o(i.DMA1_Stream6_IRQHandler) for DMA1_Stream6_IRQHandler
    startup_stm32f746xx_keil.o(.text) refers to system_stm32f4xx.o(i.SystemInit) for SystemInit
    startup_stm32f746xx_keil.o(.text) refers to entry.o(.ARM.Collect$$$$00000000) for __main
    shell.o(i.sh_cmd_end) refers to shell.o(i.sh_prompt) for sh_prompt
    shell.o(i.sh_cmd_end) refers to tn_port_cortexm0_m7_asm.o(.text) for tn_cpu_save_sr
    shell.o(i.sh_do_cmd_exec) refers to shell.o(i.sh_get_command_line_args) for sh_get_command_line_args
    shell.o(i.sh_do_cmd_exec) refers to strcasecmp.o(.text) for strcasecmp
    shell.o(i.sh_do_cmd_exec) refers to shell.o(i.sh_send) for sh_send
    shell.o(i.sh_do_cmd_exec) refers to shell.o(i.sh_cmd_end) for sh_cmd_end
    shell.o(i.sh_do_cmd_exec) refers to memseta.o(.text) for __aeabi_memclr
    shell.o(i.sh_init) refers to memseta.o(.text) for __aeabi_memclr4
    shell.o(i.sh_init) refers to prj_shell_func.o(.constdata) for g_shell_cmd_arr_size
    shell.o(i.sh_init) refers to prj_shell_func.o(.constdata) for g_shell_cmd_arr
    shell.o(i.sh_init) refers to stm32f4_uart.o(i.uart2_tx_str) for uart2_tx_str
    shell.o(i.sh_init) refers to stm32f4_uart.o(i.uart2_tx_char) for uart2_tx_char
    shell.o(i.sh_input) refers to shell.o(i.sh_echo) for sh_echo
    shell.o(i.sh_input) refers to shell.o(i.sh_putchar) for sh_putchar
    shell.o(i.sh_input) refers to shell.o(i.sh_start_cmd_exec) for sh_start_cmd_exec
    shell.o(i.sh_start_cmd_exec) refers to tn_dqueue.o(i.tn_dqueue_send_ex) for tn_dqueue_send_ex
    shell.o(i.sh_start_cmd_exec) refers to project_main.o(.bss) for queueShellEvents
    entry.o(.ARM.Collect$$$$00000000) refers (Special) to entry10a.o(.ARM.Collect$$$$0000000D) for __rt_final_cpp
    entry.o(.ARM.Collect$$$$00000000) refers (Special) to entry11a.o(.ARM.Collect$$$$0000000F) for __rt_final_exit
    entry.o(.ARM.Collect$$$$00000000) refers (Special) to entry7b.o(.ARM.Collect$$$$00000008) for _main_clock
    entry.o(.ARM.Collect$$$$00000000) refers (Special) to entry8b.o(.ARM.Collect$$$$0000000A) for _main_cpp_init
    entry.o(.ARM.Collect$$$$00000000) refers (Special) to entry9a.o(.ARM.Collect$$$$0000000B) for _main_init
    entry.o(.ARM.Collect$$$$00000000) refers (Special) to entry5.o(.ARM.Collect$$$$00000004) for _main_scatterload
    entry.o(.ARM.Collect$$$$00000000) refers (Special) to entry2.o(.ARM.Collect$$$$00000001) for _main_stk
    strcasecmp.o(.text) refers to tolower.o(.text) for tolower
    entry2.o(.ARM.Collect$$$$00000001) refers to entry2.o(.ARM.Collect$$$$00002712) for __lit__00000000
    entry2.o(.ARM.Collect$$$$00002712) refers to startup_stm32f746xx_keil.o(STACK) for __initial_sp
    entry2.o(__vectab_stack_and_reset_area) refers to startup_stm32f746xx_keil.o(STACK) for __initial_sp
    entry2.o(__vectab_stack_and_reset_area) refers to entry.o(.ARM.Collect$$$$00000000) for __main
    entry5.o(.ARM.Collect$$$$00000004) refers to init.o(.text) for __scatterload
    entry9a.o(.ARM.Collect$$$$0000000B) refers to project_main.o(i.main) for main
    entry9b.o(.ARM.Collect$$$$0000000C) refers to project_main.o(i.main) for main
    init.o(.text) refers to entry5.o(.ARM.Collect$$$$00000004) for __main_after_scatterload


==============================================================================

Removing Unused input sections from the image.

    Removing project_main.o(.rev16_text), (4 bytes).
    Removing project_main.o(.revsh_text), (4 bytes).
    Removing tn_user.o(.rev16_text), (4 bytes).
    Removing tn_user.o(.revsh_text), (4 bytes).
    Removing prj_shell_func.o(.rev16_text), (4 bytes).
    Removing prj_shell_func.o(.revsh_text), (4 bytes).
    Removing tn.o(i.tn_get_sys_ticks), (24 bytes).
    Removing tn.o(i.tn_sys_tslice_ticks), (72 bytes).
    Removing tn.o(.data), (4 bytes).
    Removing tn_alloc.o(i.do_allocate), (94 bytes).
    Removing tn_alloc.o(i.do_deallocate), (274 bytes).
    Removing tn_alloc.o(i.tn_alloc), (72 bytes).
    Removing tn_alloc.o(i.tn_alloc_init), (64 bytes).
    Removing tn_alloc.o(i.tn_dealloc), (72 bytes).
    Removing tn_dqueue.o(i.tn_dqueue_delete), (92 bytes).
    Removing tn_dqueue.o(i.tn_dqueue_is_empty), (40 bytes).
    Removing tn_dqueue.o(i.tn_dqueue_num_free_entries), (28 bytes).
    Removing tn_event.o(i.do_check_release_cond), (26 bytes).
    Removing tn_event.o(i.do_clear_pattern), (20 bytes).
    Removing tn_event.o(i.scan_event_waitqueue), (78 bytes).
    Removing tn_event.o(i.tn_eventflags_clear), (64 bytes).
    Removing tn_event.o(i.tn_eventflags_create), (68 bytes).
    Removing tn_event.o(i.tn_eventflags_delete), (92 bytes).
    Removing tn_event.o(i.tn_eventflags_set), (116 bytes).
    Removing tn_event.o(i.tn_eventflags_wait), (224 bytes).
    Removing tn_mailbox.o(i.do_copy_from_mb), (26 bytes).
    Removing tn_mailbox.o(i.do_copy_to_mb), (28 bytes).
    Removing tn_mailbox.o(i.tn_mailbox_create), (188 bytes).
    Removing tn_mailbox.o(i.tn_mailbox_delete), (92 bytes).
    Removing tn_mailbox.o(i.tn_mailbox_is_empty), (40 bytes).
    Removing tn_mailbox.o(i.tn_mailbox_num_free_entries), (28 bytes).
    Removing tn_mailbox.o(i.tn_mailbox_receive), (320 bytes).
    Removing tn_mailbox.o(i.tn_mailbox_send_ex), (356 bytes).
    Removing tn_mem.o(i.do_get), (32 bytes).
    Removing tn_mem.o(i.do_release), (76 bytes).
    Removing tn_mem.o(i.tn_fmem_create), (180 bytes).
    Removing tn_mem.o(i.tn_fmem_delete), (108 bytes).
    Removing tn_mem.o(i.tn_fmem_get), (172 bytes).
    Removing tn_mem.o(i.tn_fmem_release), (116 bytes).
    Removing tn_mutex.o(i.do_set_mutex_holder_max_priority), (66 bytes).
    Removing tn_mutex.o(i.tn_mutex_create), (84 bytes).
    Removing tn_mutex.o(i.tn_mutex_delete), (100 bytes).
    Removing tn_mutex.o(i.tn_mutex_lock), (224 bytes).
    Removing tn_mutex.o(i.tn_mutex_unlock), (84 bytes).
    Removing tn_sem.o(i.tn_sem_delete), (92 bytes).
    Removing tn_sys.o(i.tn_release_wait_que), (56 bytes).
    Removing tn_task.o(i.do_task_resume), (40 bytes).
    Removing tn_task.o(i.do_task_suspend), (54 bytes).
    Removing tn_task.o(i.tn_task_activate), (132 bytes).
    Removing tn_task.o(i.tn_task_change_priority), (124 bytes).
    Removing tn_task.o(i.tn_task_delete), (204 bytes).
    Removing tn_task.o(i.tn_task_resume), (124 bytes).
    Removing tn_task.o(i.tn_task_suspend), (124 bytes).
    Removing tn_timer.o(i.tn_timer_cancel), (72 bytes).
    Removing tn_timer.o(i.tn_timer_create), (72 bytes).
    Removing tn_timer.o(i.tn_timer_delete), (76 bytes).
    Removing tn_timer.o(i.tn_timer_set), (100 bytes).
    Removing tn_utils.o(i.queue_add_head), (12 bytes).
    Removing tn_utils.o(i.queue_contains_entry), (24 bytes).
    Removing tn_utils.o(i.queue_remove_tail), (22 bytes).
    Removing stm32f4_uart.o(.rev16_text), (4 bytes).
    Removing stm32f4_uart.o(.revsh_text), (4 bytes).
    Removing stm32f4_uart.o(i.bsp_uart2_close), (136 bytes).
    Removing stm32f4xx_dma.o(.rev16_text), (4 bytes).
    Removing stm32f4xx_dma.o(.revsh_text), (4 bytes).
    Removing stm32f4xx_dma.o(i.DMA_ClearFlag), (44 bytes).
    Removing stm32f4xx_dma.o(i.DMA_DeInit), (292 bytes).
    Removing stm32f4xx_dma.o(i.DMA_DoubleBufferModeCmd), (20 bytes).
    Removing stm32f4xx_dma.o(i.DMA_DoubleBufferModeConfig), (22 bytes).
    Removing stm32f4xx_dma.o(i.DMA_FlowControllerConfig), (20 bytes).
    Removing stm32f4xx_dma.o(i.DMA_GetCmdStatus), (14 bytes).
    Removing stm32f4xx_dma.o(i.DMA_GetCurrDataCounter), (6 bytes).
    Removing stm32f4xx_dma.o(i.DMA_GetCurrentMemoryTarget), (14 bytes).
    Removing stm32f4xx_dma.o(i.DMA_GetFIFOStatus), (8 bytes).
    Removing stm32f4xx_dma.o(i.DMA_GetFlagStatus), (52 bytes).
    Removing stm32f4xx_dma.o(i.DMA_MemoryTargetConfig), (10 bytes).
    Removing stm32f4xx_dma.o(i.DMA_PeriphIncOffsetSizeConfig), (20 bytes).
    Removing stm32f4xx_dma.o(i.DMA_SetCurrDataCounter), (4 bytes).
    Removing stm32f4xx_dma.o(i.DMA_StructInit), (34 bytes).
    Removing stm32f4xx_gpio.o(.rev16_text), (4 bytes).
    Removing stm32f4xx_gpio.o(.revsh_text), (4 bytes).
    Removing stm32f4xx_gpio.o(i.GPIO_DeInit), (204 bytes).
    Removing stm32f4xx_gpio.o(i.GPIO_PinLockConfig), (24 bytes).
    Removing stm32f4xx_gpio.o(i.GPIO_ReadInputData), (6 bytes).
    Removing stm32f4xx_gpio.o(i.GPIO_ReadInputDataBit), (14 bytes).
    Removing stm32f4xx_gpio.o(i.GPIO_ReadOutputData), (6 bytes).
    Removing stm32f4xx_gpio.o(i.GPIO_ReadOutputDataBit), (14 bytes).
    Removing stm32f4xx_gpio.o(i.GPIO_ResetBits), (2 bytes).
    Removing stm32f4xx_gpio.o(i.GPIO_SetBits), (2 bytes).
    Removing stm32f4xx_gpio.o(i.GPIO_StructInit), (18 bytes).
    Removing stm32f4xx_gpio.o(i.GPIO_ToggleBits), (8 bytes).
    Removing stm32f4xx_gpio.o(i.GPIO_Write), (4 bytes).
    Removing stm32f4xx_gpio.o(i.GPIO_WriteBit), (2 bytes).
    Removing stm32f4xx_rcc.o(.rev16_text), (4 bytes).
    Removing stm32f4xx_rcc.o(.revsh_text), (4 bytes).
    Removing stm32f4xx_rcc.o(i.RCC_48MHzClockSourceConfig), (28 bytes).
    Removing stm32f4xx_rcc.o(i.RCC_AHB1ClockGatingCmd), (24 bytes).
    Removing stm32f4xx_rcc.o(i.RCC_AHB1PeriphClockLPModeCmd), (24 bytes).
    Removing stm32f4xx_rcc.o(i.RCC_AHB1PeriphResetCmd), (24 bytes).
    Removing stm32f4xx_rcc.o(i.RCC_AHB2PeriphClockCmd), (24 bytes).
    Removing stm32f4xx_rcc.o(i.RCC_AHB2PeriphClockLPModeCmd), (24 bytes).
    Removing stm32f4xx_rcc.o(i.RCC_AHB2PeriphResetCmd), (24 bytes).
    Removing stm32f4xx_rcc.o(i.RCC_AHB3PeriphClockCmd), (24 bytes).
    Removing stm32f4xx_rcc.o(i.RCC_AHB3PeriphClockLPModeCmd), (24 bytes).
    Removing stm32f4xx_rcc.o(i.RCC_AHB3PeriphResetCmd), (24 bytes).
    Removing stm32f4xx_rcc.o(i.RCC_APB1PeriphClockLPModeCmd), (24 bytes).
    Removing stm32f4xx_rcc.o(i.RCC_APB1PeriphResetCmd), (24 bytes).
    Removing stm32f4xx_rcc.o(i.RCC_APB2PeriphClockCmd), (24 bytes).
    Removing stm32f4xx_rcc.o(i.RCC_APB2PeriphClockLPModeCmd), (24 bytes).
    Removing stm32f4xx_rcc.o(i.RCC_APB2PeriphResetCmd), (24 bytes).
    Removing stm32f4xx_rcc.o(i.RCC_AdjustHSICalibrationValue), (20 bytes).
    Removing stm32f4xx_rcc.o(i.RCC_BackupResetCmd), (12 bytes).
    Removing stm32f4xx_rcc.o(i.RCC_CECClockSourceConfig), (28 bytes).
    Removing stm32f4xx_rcc.o(i.RCC_ClearFlag), (16 bytes).
    Removing stm32f4xx_rcc.o(i.RCC_ClearITPendingBit), (12 bytes).
    Removing stm32f4xx_rcc.o(i.RCC_ClockSecuritySystemCmd), (12 bytes).
    Removing stm32f4xx_rcc.o(i.RCC_DeInit), (84 bytes).
    Removing stm32f4xx_rcc.o(i.RCC_FMPI2C1ClockSourceConfig), (24 bytes).
    Removing stm32f4xx_rcc.o(i.RCC_GetFlagStatus), (52 bytes).
    Removing stm32f4xx_rcc.o(i.RCC_GetITStatus), (20 bytes).
    Removing stm32f4xx_rcc.o(i.RCC_GetSYSCLKSource), (16 bytes).
    Removing stm32f4xx_rcc.o(i.RCC_HCLKConfig), (20 bytes).
    Removing stm32f4xx_rcc.o(i.RCC_HSEConfig), (16 bytes).
    Removing stm32f4xx_rcc.o(i.RCC_HSICmd), (12 bytes).
    Removing stm32f4xx_rcc.o(i.RCC_I2SCLKConfig), (40 bytes).
    Removing stm32f4xx_rcc.o(i.RCC_ITConfig), (24 bytes).
    Removing stm32f4xx_rcc.o(i.RCC_LSEConfig), (28 bytes).
    Removing stm32f4xx_rcc.o(i.RCC_LSEModeConfig), (28 bytes).
    Removing stm32f4xx_rcc.o(i.RCC_LSICmd), (12 bytes).
    Removing stm32f4xx_rcc.o(i.RCC_LTDCCLKDivConfig), (20 bytes).
    Removing stm32f4xx_rcc.o(i.RCC_MCO1Config), (20 bytes).
    Removing stm32f4xx_rcc.o(i.RCC_MCO2Config), (20 bytes).
    Removing stm32f4xx_rcc.o(i.RCC_PCLK1Config), (20 bytes).
    Removing stm32f4xx_rcc.o(i.RCC_PCLK2Config), (20 bytes).
    Removing stm32f4xx_rcc.o(i.RCC_PLLCmd), (12 bytes).
    Removing stm32f4xx_rcc.o(i.RCC_PLLConfig), (44 bytes).
    Removing stm32f4xx_rcc.o(i.RCC_PLLI2SCmd), (12 bytes).
    Removing stm32f4xx_rcc.o(i.RCC_PLLI2SConfig), (40 bytes).
    Removing stm32f4xx_rcc.o(i.RCC_PLLSAICmd), (12 bytes).
    Removing stm32f4xx_rcc.o(i.RCC_PLLSAIConfig), (32 bytes).
    Removing stm32f4xx_rcc.o(i.RCC_RTCCLKCmd), (12 bytes).
    Removing stm32f4xx_rcc.o(i.RCC_RTCCLKConfig), (48 bytes).
    Removing stm32f4xx_rcc.o(i.RCC_SAICLKConfig), (40 bytes).
    Removing stm32f4xx_rcc.o(i.RCC_SAIPLLI2SClkDivConfig), (20 bytes).
    Removing stm32f4xx_rcc.o(i.RCC_SAIPLLSAIClkDivConfig), (28 bytes).
    Removing stm32f4xx_rcc.o(i.RCC_SDIOClockSourceConfig), (28 bytes).
    Removing stm32f4xx_rcc.o(i.RCC_SPDIFRXClockSourceConfig), (28 bytes).
    Removing stm32f4xx_rcc.o(i.RCC_SYSCLKConfig), (20 bytes).
    Removing stm32f4xx_rcc.o(i.RCC_TIMCLKPresConfig), (12 bytes).
    Removing stm32f4xx_rcc.o(i.RCC_WaitForHSEStartUp), (44 bytes).
    Removing stm32f4xx_usart.o(.rev16_text), (4 bytes).
    Removing stm32f4xx_usart.o(.revsh_text), (4 bytes).
    Removing stm32f4xx_usart.o(i.USART_ClearFlag), (8 bytes).
    Removing stm32f4xx_usart.o(i.USART_ClearITPendingBit), (14 bytes).
    Removing stm32f4xx_usart.o(i.USART_ClockInit), (30 bytes).
    Removing stm32f4xx_usart.o(i.USART_ClockStructInit), (12 bytes).
    Removing stm32f4xx_usart.o(i.USART_DeInit), (140 bytes).
    Removing stm32f4xx_usart.o(i.USART_GetFlagStatus), (14 bytes).
    Removing stm32f4xx_usart.o(i.USART_GetITStatus), (62 bytes).
    Removing stm32f4xx_usart.o(i.USART_HalfDuplexCmd), (22 bytes).
    Removing stm32f4xx_usart.o(i.USART_ITConfig), (48 bytes).
    Removing stm32f4xx_usart.o(i.USART_IrDACmd), (22 bytes).
    Removing stm32f4xx_usart.o(i.USART_IrDAConfig), (18 bytes).
    Removing stm32f4xx_usart.o(i.USART_LINBreakDetectLengthConfig), (18 bytes).
    Removing stm32f4xx_usart.o(i.USART_LINCmd), (22 bytes).
    Removing stm32f4xx_usart.o(i.USART_OneBitMethodCmd), (22 bytes).
    Removing stm32f4xx_usart.o(i.USART_OverSampling8Cmd), (20 bytes).
    Removing stm32f4xx_usart.o(i.USART_ReceiveData), (8 bytes).
    Removing stm32f4xx_usart.o(i.USART_ReceiverWakeUpCmd), (22 bytes).
    Removing stm32f4xx_usart.o(i.USART_SendBreak), (10 bytes).
    Removing stm32f4xx_usart.o(i.USART_SendData), (8 bytes).
    Removing stm32f4xx_usart.o(i.USART_SetAddress), (18 bytes).
    Removing stm32f4xx_usart.o(i.USART_SetGuardTime), (16 bytes).
    Removing stm32f4xx_usart.o(i.USART_SetPrescaler), (16 bytes).
    Removing stm32f4xx_usart.o(i.USART_SmartCardCmd), (22 bytes).
    Removing stm32f4xx_usart.o(i.USART_SmartCardNACKCmd), (22 bytes).
    Removing stm32f4xx_usart.o(i.USART_StructInit), (22 bytes).
    Removing stm32f4xx_usart.o(i.USART_WakeUpConfig), (18 bytes).
    Removing system_stm32f4xx.o(.rev16_text), (4 bytes).
    Removing system_stm32f4xx.o(.revsh_text), (4 bytes).
    Removing system_stm32f4xx.o(i.SystemCoreClockUpdate), (120 bytes).
    Removing system_stm32f4xx.o(.data), (20 bytes).
    Removing startup_stm32f746xx_keil.o(HEAP), (512 bytes).
    Removing shell.o(.rev16_text), (4 bytes).
    Removing shell.o(.revsh_text), (4 bytes).
    Removing shell.o(i.sh_stop_cmd_exec), (8 bytes).

186 unused section(s) (total 8938 bytes) removed from the image.

==============================================================================

Image Symbol Table

    Local Symbols

    Symbol Name                              Value     Ov Type        Size  Object(Section)

    ../clib/microlib/ctype/tolower.c         0x00000000   Number         0  tolower.o ABSOLUTE
    ../clib/microlib/init/entry.s            0x00000000   Number         0  entry2.o ABSOLUTE
    ../clib/microlib/init/entry.s            0x00000000   Number         0  entry8a.o ABSOLUTE
    ../clib/microlib/init/entry.s            0x00000000   Number         0  entry8b.o ABSOLUTE
    ../clib/microlib/init/entry.s            0x00000000   Number         0  entry9a.o ABSOLUTE
    ../clib/microlib/init/entry.s            0x00000000   Number         0  entry.o ABSOLUTE
    ../clib/microlib/init/entry.s            0x00000000   Number         0  entry9b.o ABSOLUTE
    ../clib/microlib/init/entry.s            0x00000000   Number         0  entry10a.o ABSOLUTE
    ../clib/microlib/init/entry.s            0x00000000   Number         0  entry10b.o ABSOLUTE
    ../clib/microlib/init/entry.s            0x00000000   Number         0  entry11a.o ABSOLUTE
    ../clib/microlib/init/entry.s            0x00000000   Number         0  entry11b.o ABSOLUTE
    ../clib/microlib/init/entry.s            0x00000000   Number         0  entry5.o ABSOLUTE
    ../clib/microlib/init/entry.s            0x00000000   Number         0  entry7a.o ABSOLUTE
    ../clib/microlib/init/entry.s            0x00000000   Number         0  entry7b.o ABSOLUTE
    ../clib/microlib/string/memcpy.c         0x00000000   Number         0  memcpya.o ABSOLUTE
    ../clib/microlib/string/memcpy.c         0x00000000   Number         0  memcpyb.o ABSOLUTE
    ../clib/microlib/string/memset.c         0x00000000   Number         0  memseta.o ABSOLUTE
    ../clib/microlib/string/strcasecmp.c     0x00000000   Number         0  strcasecmp.o ABSOLUTE
    ../clib/microlib/string/strcat.c         0x00000000   Number         0  strcat.o ABSOLUTE
    ../clib/microlib/string/strcpy.c         0x00000000   Number         0  strcpy.o ABSOLUTE
    ../clib/microlib/string/strlen.c         0x00000000   Number         0  strlen.o ABSOLUTE
    ..\..\..\..\common\shell.c               0x00000000   Number         0  shell.o ABSOLUTE
    ..\..\..\..\common_cortex\src\stm32f4_uart.c 0x00000000   Number         0  stm32f4_uart.o ABSOLUTE
    ..\..\..\..\common_cortex\src\stm32f4xx_dma.c 0x00000000   Number         0  stm32f4xx_dma.o ABSOLUTE
    ..\..\..\..\common_cortex\src\stm32f4xx_gpio.c 0x00000000   Number         0  stm32f4xx_gpio.o ABSOLUTE
    ..\..\..\..\common_cortex\src\stm32f4xx_rcc.c 0x00000000   Number         0  stm32f4xx_rcc.o ABSOLUTE
    ..\..\..\..\common_cortex\src\stm32f4xx_usart.c 0x00000000   Number         0  stm32f4xx_usart.o ABSOLUTE
    ..\..\..\..\common_cortex\src\system_stm32f4xx.c 0x00000000   Number         0  system_stm32f4xx.o ABSOLUTE
    ..\..\..\..\os\CortexM0_M7\tn_port_CortexM0_M7.c 0x00000000   Number         0  tn_port_cortexm0_m7.o ABSOLUTE
    ..\..\..\..\os\tn.c                      0x00000000   Number         0  tn.o ABSOLUTE
    ..\..\..\..\os\tn_alloc.c                0x00000000   Number         0  tn_alloc.o ABSOLUTE
    ..\..\..\..\os\tn_dqueue.c               0x00000000   Number         0  tn_dqueue.o ABSOLUTE
    ..\..\..\..\os\tn_event.c                0x00000000   Number         0  tn_event.o ABSOLUTE
    ..\..\..\..\os\tn_mailbox.c              0x00000000   Number         0  tn_mailbox.o ABSOLUTE
    ..\..\..\..\os\tn_mem.c                  0x00000000   Number         0  tn_mem.o ABSOLUTE
    ..\..\..\..\os\tn_mutex.c                0x00000000   Number         0  tn_mutex.o ABSOLUTE
    ..\..\..\..\os\tn_sem.c                  0x00000000   Number         0  tn_sem.o ABSOLUTE
    ..\..\..\..\os\tn_sys.c                  0x00000000   Number         0  tn_sys.o ABSOLUTE
    ..\..\..\..\os\tn_task.c                 0x00000000   Number         0  tn_task.o ABSOLUTE
    ..\..\..\..\os\tn_timer.c                0x00000000   Number         0  tn_timer.o ABSOLUTE
    ..\..\..\..\os\tn_utils.c                0x00000000   Number         0  tn_utils.o ABSOLUTE
    ..\\..\\..\\..\\common\\shell.c          0x00000000   Number         0  shell.o ABSOLUTE
    ..\\..\\..\\..\\common_cortex\\src\\startup_stm32f746xx_keil.s 0x00000000   Number         0  startup_stm32f746xx_keil.o ABSOLUTE
    ..\\..\\..\\..\\common_cortex\\src\\stm32f4_uart.c 0x00000000   Number         0  stm32f4_uart.o ABSOLUTE
    ..\\..\\..\\..\\common_cortex\\src\\stm32f4xx_dma.c 0x00000000   Number         0  stm32f4xx_dma.o ABSOLUTE
    ..\\..\\..\\..\\common_cortex\\src\\stm32f4xx_gpio.c 0x00000000   Number         0  stm32f4xx_gpio.o ABSOLUTE
    ..\\..\\..\\..\\common_cortex\\src\\stm32f4xx_rcc.c 0x00000000   Number         0  stm32f4xx_rcc.o ABSOLUTE
    ..\\..\\..\\..\\common_cortex\\src\\stm32f4xx_usart.c 0x00000000   Number         0  stm32f4xx_usart.o ABSOLUTE
    ..\\..\\..\\..\\common_cortex\\src\\system_stm32f4xx.c 0x00000000   Number         0  system_stm32f4xx.o ABSOLUTE
    ..\\..\\..\\..\\os\\CortexM0_M7\\tn_port_CortexM0_M7_asm.S 0x00000000   Number         0  tn_port_cortexm0_m7_asm.o ABSOLUTE
    ..\\prj_shell_func.c                     0x00000000   Number         0  prj_shell_func.o ABSOLUTE
    ..\\project_main.c                       0x00000000   Number         0  project_main.o ABSOLUTE
    ..\\tn_user.c                            0x00000000   Number         0  tn_user.o ABSOLUTE
    ..\prj_shell_func.c                      0x00000000   Number         0  prj_shell_func.o ABSOLUTE
    ..\project_main.c                        0x00000000   Number         0  project_main.o ABSOLUTE
    ..\tn_user.c                             0x00000000   Number         0  tn_user.o ABSOLUTE
    dc.s                                     0x00000000   Number         0  dc.o ABSOLUTE
    handlers.s                               0x00000000   Number         0  handlers.o ABSOLUTE
    init.s                                   0x00000000   Number         0  init.o ABSOLUTE
    RESET                                    0x08000000   Section      456  startup_stm32f746xx_keil.o(RESET)
    .ARM.Collect$$$$00000000                 0x080001c8   Section        0  entry.o(.ARM.Collect$$$$00000000)
    .ARM.Collect$$$$00000001                 0x080001c8   Section        4  entry2.o(.ARM.Collect$$$$00000001)
    .ARM.Collect$$$$00000004                 0x080001cc   Section        4  entry5.o(.ARM.Collect$$$$00000004)
    .ARM.Collect$$$$00000008                 0x080001d0   Section        0  entry7b.o(.ARM.Collect$$$$00000008)
    .ARM.Collect$$$$0000000A                 0x080001d0   Section        0  entry8b.o(.ARM.Collect$$$$0000000A)
    .ARM.Collect$$$$0000000B                 0x080001d0   Section        8  entry9a.o(.ARM.Collect$$$$0000000B)
    .ARM.Collect$$$$0000000D                 0x080001d8   Section        0  entry10a.o(.ARM.Collect$$$$0000000D)
    .ARM.Collect$$$$0000000F                 0x080001d8   Section        0  entry11a.o(.ARM.Collect$$$$0000000F)
    .ARM.Collect$$$$00002712                 0x080001d8   Section        4  entry2.o(.ARM.Collect$$$$00002712)
    __lit__00000000                          0x080001d8   Data           4  entry2.o(.ARM.Collect$$$$00002712)
    .text                                    0x080001e0   Section      344  tn_port_cortexm0_m7_asm.o(.text)
    $v0                                      0x080001e0   Number         0  tn_port_cortexm0_m7_asm.o(.text)
    .text                                    0x08000338   Section       36  startup_stm32f746xx_keil.o(.text)
    $v0                                      0x08000338   Number         0  startup_stm32f746xx_keil.o(.text)
    .text                                    0x0800035c   Section        0  memseta.o(.text)
    .text                                    0x08000380   Section        0  strcat.o(.text)
    .text                                    0x08000398   Section        0  strlen.o(.text)
    .text                                    0x080003a6   Section        0  strcpy.o(.text)
    .text                                    0x080003b8   Section        0  strcasecmp.o(.text)
    .text                                    0x080003e2   Section        0  tolower.o(.text)
    .text                                    0x080003f0   Section       36  init.o(.text)
    i.BSP_LED_Init                           0x08000414   Section        0  project_main.o(i.BSP_LED_Init)
    i.BSP_LED_Toggle                         0x08000454   Section        0  project_main.o(i.BSP_LED_Toggle)
    i.DMA1_Stream6_IRQHandler                0x08000470   Section        0  tn_user.o(i.DMA1_Stream6_IRQHandler)
    i.DMA_ClearITPendingBit                  0x080004a8   Section        0  stm32f4xx_dma.o(i.DMA_ClearITPendingBit)
    i.DMA_Cmd                                0x080004d4   Section        0  stm32f4xx_dma.o(i.DMA_Cmd)
    i.DMA_GetITStatus                        0x080004e8   Section        0  stm32f4xx_dma.o(i.DMA_GetITStatus)
    i.DMA_ITConfig                           0x0800053c   Section        0  stm32f4xx_dma.o(i.DMA_ITConfig)
    i.DMA_Init                               0x08000568   Section        0  stm32f4xx_dma.o(i.DMA_Init)
    i.GPIO_Init                              0x080005bc   Section        0  stm32f4xx_gpio.o(i.GPIO_Init)
    i.GPIO_PinAFConfig                       0x0800065e   Section        0  stm32f4xx_gpio.o(i.GPIO_PinAFConfig)
    i.NVIC_DisableIRQ                        0x0800067e   Section        0  stm32f4_uart.o(i.NVIC_DisableIRQ)
    NVIC_DisableIRQ                          0x0800067f   Thumb Code    22  stm32f4_uart.o(i.NVIC_DisableIRQ)
    i.RCC_AHB1PeriphClockCmd                 0x08000694   Section        0  stm32f4xx_rcc.o(i.RCC_AHB1PeriphClockCmd)
    i.RCC_APB1PeriphClockCmd                 0x080006ac   Section        0  stm32f4xx_rcc.o(i.RCC_APB1PeriphClockCmd)
    i.RCC_GetClocksFreq                      0x080006c4   Section        0  stm32f4xx_rcc.o(i.RCC_GetClocksFreq)
    i.SetSysClock                            0x08000780   Section        0  system_stm32f4xx.o(i.SetSysClock)
    SetSysClock                              0x08000781   Thumb Code   162  system_stm32f4xx.o(i.SetSysClock)
    i.SysTick_Handler                        0x08000834   Section        0  tn_user.o(i.SysTick_Handler)
    i.SystemInit                             0x08000844   Section        0  system_stm32f4xx.o(i.SystemInit)
    i.USART_Cmd                              0x080008a0   Section        0  stm32f4xx_usart.o(i.USART_Cmd)
    i.USART_DMACmd                           0x080008b6   Section        0  stm32f4xx_usart.o(i.USART_DMACmd)
    i.USART_Init                             0x080008cc   Section        0  stm32f4xx_usart.o(i.USART_Init)
    i.__scatterload_copy                     0x08000980   Section       14  handlers.o(i.__scatterload_copy)
    i.__scatterload_null                     0x0800098e   Section        2  handlers.o(i.__scatterload_null)
    i.__scatterload_zeroinit                 0x08000990   Section       14  handlers.o(i.__scatterload_zeroinit)
    i.bsp_uart2_open                         0x080009a0   Section        0  stm32f4_uart.o(i.bsp_uart2_open)
    i.bsp_uart2_read                         0x08000ae4   Section        0  stm32f4_uart.o(i.bsp_uart2_read)
    i.bsp_uart2_transmit                     0x08000b80   Section        0  stm32f4_uart.o(i.bsp_uart2_transmit)
    i.delete_task_resources                  0x08000c44   Section        0  tn_sys.o(i.delete_task_resources)
    i.do_input_sem                           0x08000c46   Section        0  tn_dqueue.o(i.do_input_sem)
    i.do_itoa                                0x08000c80   Section        0  prj_shell_func.o(i.do_itoa)
    i.do_mutex_unlock                        0x08000cd2   Section        0  tn_mutex.o(i.do_mutex_unlock)
    i.do_output_sem                          0x08000db4   Section        0  tn_dqueue.o(i.do_output_sem)
    i.do_release_mutex_queue                 0x08000dea   Section        0  tn_mutex.o(i.do_release_mutex_queue)
    i.do_sem_acquire                         0x08000e14   Section        0  tn_sem.o(i.do_sem_acquire)
    i.do_sem_signal                          0x08000e38   Section        0  tn_sem.o(i.do_sem_signal)
    i.find_next_task_to_run                  0x08000e7c   Section        0  tn_sys.o(i.find_next_task_to_run)
    i.get_task_by_timer_queue                0x08000eb8   Section        0  tn_sys.o(i.get_task_by_timer_queue)
    get_task_by_timer_queue                  0x08000eb9   Thumb Code    14  tn_sys.o(i.get_task_by_timer_queue)
    i.get_task_by_tsk_queue                  0x08000ec6   Section        0  tn_mutex.o(i.get_task_by_tsk_queue)
    get_task_by_tsk_queue                    0x08000ec7   Thumb Code    12  tn_mutex.o(i.get_task_by_tsk_queue)
    i.get_task_by_tsk_queue                  0x08000ed2   Section        0  tn_sys.o(i.get_task_by_tsk_queue)
    get_task_by_tsk_queue                    0x08000ed3   Thumb Code    12  tn_sys.o(i.get_task_by_tsk_queue)
    i.is_queue_empty                         0x08000ede   Section        0  tn_utils.o(i.is_queue_empty)
    i.main                                   0x08000ef4   Section        0  project_main.o(i.main)
    i.os_tick_list_index                     0x08000f3c   Section        0  tn_sys.o(i.os_tick_list_index)
    os_tick_list_index                       0x08000f3d   Thumb Code    12  tn_sys.o(i.os_tick_list_index)
    i.queue_add_tail                         0x08000f4c   Section        0  tn_utils.o(i.queue_add_tail)
    i.queue_insert_by_priority               0x08000f58   Section        0  tn_utils.o(i.queue_insert_by_priority)
    i.queue_remove_entry                     0x08000f8a   Section        0  tn_utils.o(i.queue_remove_entry)
    i.queue_remove_head                      0x08000f98   Section        0  tn_utils.o(i.queue_remove_head)
    i.queue_reset                            0x08000fb2   Section        0  tn_utils.o(i.queue_reset)
    i.sh_cmd_end                             0x08000fb8   Section        0  shell.o(i.sh_cmd_end)
    i.sh_do_cmd_exec                         0x08000fd8   Section        0  shell.o(i.sh_do_cmd_exec)
    i.sh_echo                                0x08001068   Section        0  shell.o(i.sh_echo)
    i.sh_exec_cmd_1                          0x08001080   Section        0  prj_shell_func.o(i.sh_exec_cmd_1)
    i.sh_exec_cmd_2                          0x080010a0   Section        0  prj_shell_func.o(i.sh_exec_cmd_2)
    i.sh_exec_cmd_3                          0x080010c0   Section        0  prj_shell_func.o(i.sh_exec_cmd_3)
    i.sh_exec_cmd_psw                        0x080010e0   Section        0  prj_shell_func.o(i.sh_exec_cmd_psw)
    i.sh_exec_cmd_ver                        0x08001104   Section        0  prj_shell_func.o(i.sh_exec_cmd_ver)
    i.sh_exec_dump_stk                       0x08001120   Section        0  prj_shell_func.o(i.sh_exec_dump_stk)
    i.sh_get_command_line_args               0x08001204   Section        0  shell.o(i.sh_get_command_line_args)
    i.sh_init                                0x08001258   Section        0  shell.o(i.sh_init)
    i.sh_input                               0x080012ac   Section        0  shell.o(i.sh_input)
    i.sh_prompt                              0x08001338   Section        0  shell.o(i.sh_prompt)
    i.sh_putchar                             0x08001364   Section        0  shell.o(i.sh_putchar)
    i.sh_send                                0x0800137a   Section        0  shell.o(i.sh_send)
    i.sh_start_cmd_exec                      0x08001390   Section        0  shell.o(i.sh_start_cmd_exec)
    i.sll_add_head                           0x080013a8   Section        0  tn_utils.o(i.sll_add_head)
    i.sll_add_tail                           0x080013b6   Section        0  tn_utils.o(i.sll_add_tail)
    i.sll_init                               0x080013ca   Section        0  tn_utils.o(i.sll_init)
    i.sll_remove_head                        0x080013d2   Section        0  tn_utils.o(i.sll_remove_head)
    i.task_curr_to_wait_action               0x080013e0   Section        0  tn_sys.o(i.task_curr_to_wait_action)
    i.task_io_func                           0x08001430   Section        0  project_main.o(i.task_io_func)
    i.task_main_func                         0x0800148c   Section        0  project_main.o(i.task_main_func)
    i.task_set_dormant_state                 0x080014d0   Section        0  tn_sys.o(i.task_set_dormant_state)
    i.task_to_non_runnable                   0x08001504   Section        0  tn_sys.o(i.task_to_non_runnable)
    i.task_to_runnable                       0x0800155c   Section        0  tn_sys.o(i.task_to_runnable)
    i.task_uart2_rx_func                     0x080015a0   Section        0  project_main.o(i.task_uart2_rx_func)
    i.task_wait_complete                     0x080015d0   Section        0  tn_sys.o(i.task_wait_complete)
    i.tn_app_init                            0x08001604   Section        0  project_main.o(i.tn_app_init)
    i.tn_check_stack                         0x080016e8   Section        0  tn_port_cortexm0_m7.o(i.tn_check_stack)
    i.tn_cpu_int_enable                      0x08001700   Section        0  tn_user.o(i.tn_cpu_int_enable)
    i.tn_dqueue_create                       0x08001704   Section        0  tn_dqueue.o(i.tn_dqueue_create)
    i.tn_dqueue_receive                      0x080017a4   Section        0  tn_dqueue.o(i.tn_dqueue_receive)
    i.tn_dqueue_send_ex                      0x080018c4   Section        0  tn_dqueue.o(i.tn_dqueue_send_ex)
    i.tn_idle_task_func                      0x08001a10   Section        0  tn.o(i.tn_idle_task_func)
    i.tn_int_stack_init                      0x08001a30   Section        0  tn_port_cortexm0_m7.o(i.tn_int_stack_init)
    i.tn_os_tick_task_func                   0x08001a34   Section        0  project_main.o(i.tn_os_tick_task_func)
    i.tn_os_timer_cancel                     0x08001a54   Section        0  tn_sys.o(i.tn_os_timer_cancel)
    i.tn_os_timer_start                      0x08001a7c   Section        0  tn_sys.o(i.tn_os_timer_start)
    i.tn_os_timers_tick_proc                 0x08001acc   Section        0  tn_sys.o(i.tn_os_timers_tick_proc)
    i.tn_reset_idle_task_stack               0x08001b68   Section        0  tn_port_cortexm0_m7.o(i.tn_reset_idle_task_stack)
    i.tn_sem_acquire                         0x08001b80   Section        0  tn_sem.o(i.tn_sem_acquire)
    i.tn_sem_create                          0x08001c08   Section        0  tn_sem.o(i.tn_sem_create)
    i.tn_sem_signal                          0x08001c50   Section        0  tn_sem.o(i.tn_sem_signal)
    i.tn_stack_init                          0x08001cb4   Section        0  tn_port_cortexm0_m7.o(i.tn_stack_init)
    i.tn_start_system                        0x08001d48   Section        0  tn.o(i.tn_start_system)
    i.tn_task_create                         0x08001e20   Section        0  tn_task.o(i.tn_task_create)
    i.tn_task_exit                           0x08001f34   Section        0  tn_task.o(i.tn_task_exit)
    i.tn_task_sleep                          0x08001f98   Section        0  tn_task.o(i.tn_task_sleep)
    i.tn_tick_int_processing                 0x08001fe4   Section        0  tn.o(i.tn_tick_int_processing)
    i.tn_update_priority                     0x08002064   Section        0  tn_sys.o(i.tn_update_priority)
    i.tn_update_ready_queue                  0x080020d0   Section        0  tn_sys.o(i.tn_update_ready_queue)
    i.tn_update_wait_queue                   0x08002130   Section        0  tn_sys.o(i.tn_update_wait_queue)
    i.tn_user_timer_cancel                   0x08002148   Section        0  tn_timer.o(i.tn_user_timer_cancel)
    tn_user_timer_cancel                     0x08002149   Thumb Code    32  tn_timer.o(i.tn_user_timer_cancel)
    i.tn_user_timer_start                    0x08002168   Section        0  tn_timer.o(i.tn_user_timer_start)
    tn_user_timer_start                      0x08002169   Thumb Code    50  tn_timer.o(i.tn_user_timer_start)
    i.tn_user_timers_tick_proc               0x080021a4   Section        0  tn_timer.o(i.tn_user_timers_tick_proc)
    i.uart2_tx_char                          0x08002254   Section        0  stm32f4_uart.o(i.uart2_tx_char)
    i.uart2_tx_str                           0x0800226c   Section        0  stm32f4_uart.o(i.uart2_tx_str)
    i.user_tick_list_index                   0x08002290   Section        0  tn_timer.o(i.user_tick_list_index)
    user_tick_list_index                     0x08002291   Thumb Code    12  tn_timer.o(i.user_tick_list_index)
    .constdata                               0x080022a0   Section        2  project_main.o(.constdata)
    LED_PIN                                  0x080022a0   Data           2  project_main.o(.constdata)
    .constdata                               0x080022a4   Section       48  prj_shell_func.o(.constdata)
    .constdata                               0x080022d4   Section        4  prj_shell_func.o(.constdata)
    .conststring                             0x080022d8   Section       44  prj_shell_func.o(.conststring)
    .conststring                             0x08002304   Section       66  prj_shell_func.o(.conststring)
    .data                                    0x20000000   Section        8  project_main.o(.data)
    g_p_shell_ds                             0x20000000   Data           4  project_main.o(.data)
    LED_PORT                                 0x20000004   Data           4  project_main.o(.data)
    .data                                    0x20000008   Section       64  tn.o(.data)
    .data                                    0x20000048   Section        4  tn.o(.data)
    .data                                    0x2000004c   Section       16  stm32f4xx_rcc.o(.data)
    APBAHBPrescTable                         0x2000004c   Data          16  stm32f4xx_rcc.o(.data)
    .bss                                     0x20000060   Section     7640  project_main.o(.bss)
    tn_os_tick_task                          0x20000060   Data         112  project_main.o(.bss)
    tn_os_tick_task_stack                    0x200000d0   Data         512  project_main.o(.bss)
    task_uart2_rx_stack                      0x200002d0   Data        2048  project_main.o(.bss)
    task_main_stack                          0x20000ad0   Data        2048  project_main.o(.bss)
    task_io_stack                            0x200012d0   Data        2048  project_main.o(.bss)
    task_uart2_rx                            0x20001ad0   Data         112  project_main.o(.bss)
    task_main                                0x20001b40   Data         112  project_main.o(.bss)
    task_io                                  0x20001bb0   Data         112  project_main.o(.bss)
    queueShellEventsMem                      0x20001c50   Data          64  project_main.o(.bss)
    g_uart2_rx_buf                           0x20001c90   Data         256  project_main.o(.bss)
    USART_InitStructure                      0x20001e28   Data          16  project_main.o(.bss)
    .bss                                     0x20001e38   Section      228  project_main.o(.bss)
    g_shell_ds                               0x20001e38   Data         228  project_main.o(.bss)
    .bss                                     0x20001f20   Section      996  tn.o(.bss)
    tn_idle_task_stack                       0x20002060   Data         416  tn.o(.bss)
    .bss                                     0x20002308   Section      512  tn.o(.bss)
    STACK                                    0x20002508   Section     1024  startup_stm32f746xx_keil.o(STACK)

    Global Symbols

    Symbol Name                              Value     Ov Type        Size  Object(Section)

    BuildAttributes$$THM_ISAv4$E$P$D$K$B$S$7EM$VFPi3$EXTD16$VFPS$VFMA$PE$A:L22UL41UL21$X:L11$S22US41US21$IEEE1$IW$USESV6$~STKCKD$USESV7$~SHL$OSPACE$EBA8$MICROLIB$REQ8$PRES8$EABIv2 0x00000000   Number         0  anon$$obj.o ABSOLUTE
    __ARM_use_no_argv                        0x00000000   Number         0  project_main.o ABSOLUTE
    __cpp_initialize__aeabi_                  - Undefined Weak Reference
    __cxa_finalize                            - Undefined Weak Reference
    __decompress                              - Undefined Weak Reference
    _clock_init                               - Undefined Weak Reference
    _microlib_exit                            - Undefined Weak Reference
    __Vectors_Size                           0x000001c8   Number         0  startup_stm32f746xx_keil.o ABSOLUTE
    __Vectors                                0x08000000   Data           4  startup_stm32f746xx_keil.o(RESET)
    __Vectors_End                            0x080001c8   Data           0  startup_stm32f746xx_keil.o(RESET)
    __main                                   0x080001c9   Thumb Code     0  entry.o(.ARM.Collect$$$$00000000)
    _main_stk                                0x080001c9   Thumb Code     0  entry2.o(.ARM.Collect$$$$00000001)
    _main_scatterload                        0x080001cd   Thumb Code     0  entry5.o(.ARM.Collect$$$$00000004)
    __main_after_scatterload                 0x080001d1   Thumb Code     0  entry5.o(.ARM.Collect$$$$00000004)
    _main_clock                              0x080001d1   Thumb Code     0  entry7b.o(.ARM.Collect$$$$00000008)
    _main_cpp_init                           0x080001d1   Thumb Code     0  entry8b.o(.ARM.Collect$$$$0000000A)
    _main_init                               0x080001d1   Thumb Code     0  entry9a.o(.ARM.Collect$$$$0000000B)
    __rt_final_cpp                           0x080001d9   Thumb Code     0  entry10a.o(.ARM.Collect$$$$0000000D)
    __rt_final_exit                          0x080001d9   Thumb Code     0  entry11a.o(.ARM.Collect$$$$0000000F)
    tn_start_exe                             0x080001e1   Thumb Code     0  tn_port_cortexm0_m7_asm.o(.text)
    PendSV_Handler                           0x08000217   Thumb Code     0  tn_port_cortexm0_m7_asm.o(.text)
    tn_task_exit_asm                         0x08000279   Thumb Code     0  tn_port_cortexm0_m7_asm.o(.text)
    tn_switch_context                        0x080002b1   Thumb Code     0  tn_port_cortexm0_m7_asm.o(.text)
    tn_int_exit                              0x080002bb   Thumb Code     0  tn_port_cortexm0_m7_asm.o(.text)
    tn_cpu_save_sr                           0x080002c5   Thumb Code     0  tn_port_cortexm0_m7_asm.o(.text)
    tn_cpu_restore_sr                        0x080002cd   Thumb Code     0  tn_port_cortexm0_m7_asm.o(.text)
    tn_chk_irq_disabled                      0x080002d3   Thumb Code     0  tn_port_cortexm0_m7_asm.o(.text)
    ffs_asm                                  0x080002d9   Thumb Code     0  tn_port_cortexm0_m7_asm.o(.text)
    tn_func_to_ul_1                          0x080002e9   Thumb Code     0  tn_port_cortexm0_m7_asm.o(.text)
    tn_func_to_ul_2                          0x080002eb   Thumb Code     0  tn_port_cortexm0_m7_asm.o(.text)
    tn_void_to_ul                            0x080002ed   Thumb Code     0  tn_port_cortexm0_m7_asm.o(.text)
    tn_arm_disable_interrupts                0x080002ef   Thumb Code     0  tn_port_cortexm0_m7_asm.o(.text)
    tn_arm_enable_interrupts                 0x080002f3   Thumb Code     0  tn_port_cortexm0_m7_asm.o(.text)
    tn_inside_int                            0x080002f7   Thumb Code     0  tn_port_cortexm0_m7_asm.o(.text)
    do_delay                                 0x08000307   Thumb Code     0  tn_port_cortexm0_m7_asm.o(.text)
    Reset_Handler                            0x08000339   Thumb Code     8  startup_stm32f746xx_keil.o(.text)
    NMI_Handler                              0x08000341   Thumb Code     2  startup_stm32f746xx_keil.o(.text)
    HardFault_Handler                        0x08000343   Thumb Code     2  startup_stm32f746xx_keil.o(.text)
    MemManage_Handler                        0x08000345   Thumb Code     2  startup_stm32f746xx_keil.o(.text)
    BusFault_Handler                         0x08000347   Thumb Code     2  startup_stm32f746xx_keil.o(.text)
    UsageFault_Handler                       0x08000349   Thumb Code     2  startup_stm32f746xx_keil.o(.text)
    SVC_Handler                              0x0800034b   Thumb Code     2  startup_stm32f746xx_keil.o(.text)
    DebugMon_Handler                         0x0800034d   Thumb Code     2  startup_stm32f746xx_keil.o(.text)
    ADC_IRQHandler                           0x08000353   Thumb Code     0  startup_stm32f746xx_keil.o(.text)
    CAN1_RX0_IRQHandler                      0x08000353   Thumb Code     0  startup_stm32f746xx_keil.o(.text)
    CAN1_RX1_IRQHandler                      0x08000353   Thumb Code     0  startup_stm32f746xx_keil.o(.text)
    CAN1_SCE_IRQHandler                      0x08000353   Thumb Code     0  startup_stm32f746xx_keil.o(.text)
    CAN1_TX_IRQHandler                       0x08000353   Thumb Code     0  startup_stm32f746xx_keil.o(.text)
    CAN2_RX0_IRQHandler                      0x08000353   Thumb Code     0  startup_stm32f746xx_keil.o(.text)
    CAN2_RX1_IRQHandler                      0x08000353   Thumb Code     0  startup_stm32f746xx_keil.o(.text)
    CAN2_SCE_IRQHandler                      0x08000353   Thumb Code     0  startup_stm32f746xx_keil.o(.text)
    CAN2_TX_IRQHandler                       0x08000353   Thumb Code     0  startup_stm32f746xx_keil.o(.text)
    CEC_IRQHandler                           0x08000353   Thumb Code     0  startup_stm32f746xx_keil.o(.text)
    DCMI_IRQHandler                          0x08000353   Thumb Code     0  startup_stm32f746xx_keil.o(.text)
    DMA1_Stream0_IRQHandler                  0x08000353   Thumb Code     0  startup_stm32f746xx_keil.o(.text)
    DMA1_Stream1_IRQHandler                  0x08000353   Thumb Code     0  startup_stm32f746xx_keil.o(.text)
    DMA1_Stream2_IRQHandler                  0x08000353   Thumb Code     0  startup_stm32f746xx_keil.o(.text)
    DMA1_Stream3_IRQHandler                  0x08000353   Thumb Code     0  startup_stm32f746xx_keil.o(.text)
    DMA1_Stream4_IRQHandler                  0x08000353   Thumb Code     0  startup_stm32f746xx_keil.o(.text)
    DMA1_Stream5_IRQHandler                  0x08000353   Thumb Code     0  startup_stm32f746xx_keil.o(.text)
    DMA1_Stream7_IRQHandler                  0x08000353   Thumb Code     0  startup_stm32f746xx_keil.o(.text)
    DMA2D_IRQHandler                         0x08000353   Thumb Code     0  startup_stm32f746xx_keil.o(.text)
    DMA2_Stream0_IRQHandler                  0x08000353   Thumb Code     0  startup_stm32f746xx_keil.o(.text)
    DMA2_Stream1_IRQHandler                  0x08000353   Thumb Code     0  startup_stm32f746xx_keil.o(.text)
    DMA2_Stream2_IRQHandler                  0x08000353   Thumb Code     0  startup_stm32f746xx_keil.o(.text)
    DMA2_Stream3_IRQHandler                  0x08000353   Thumb Code     0  startup_stm32f746xx_keil.o(.text)
    DMA2_Stream4_IRQHandler                  0x08000353   Thumb Code     0  startup_stm32f746xx_keil.o(.text)
    DMA2_Stream5_IRQHandler                  0x08000353   Thumb Code     0  startup_stm32f746xx_keil.o(.text)
    DMA2_Stream6_IRQHandler                  0x08000353   Thumb Code     0  startup_stm32f746xx_keil.o(.text)
    DMA2_Stream7_IRQHandler                  0x08000353   Thumb Code     0  startup_stm32f746xx_keil.o(.text)
    ETH_IRQHandler                           0x08000353   Thumb Code     0  startup_stm32f746xx_keil.o(.text)
    ETH_WKUP_IRQHandler                      0x08000353   Thumb Code     0  startup_stm32f746xx_keil.o(.text)
    EXTI0_IRQHandler                         0x08000353   Thumb Code     0  startup_stm32f746xx_keil.o(.text)
    EXTI15_10_IRQHandler                     0x08000353   Thumb Code     0  startup_stm32f746xx_keil.o(.text)
    EXTI1_IRQHandler                         0x08000353   Thumb Code     0  startup_stm32f746xx_keil.o(.text)
    EXTI2_IRQHandler                         0x08000353   Thumb Code     0  startup_stm32f746xx_keil.o(.text)
    EXTI3_IRQHandler                         0x08000353   Thumb Code     0  startup_stm32f746xx_keil.o(.text)
    EXTI4_IRQHandler                         0x08000353   Thumb Code     0  startup_stm32f746xx_keil.o(.text)
    EXTI9_5_IRQHandler                       0x08000353   Thumb Code     0  startup_stm32f746xx_keil.o(.text)
    FLASH_IRQHandler                         0x08000353   Thumb Code     0  startup_stm32f746xx_keil.o(.text)
    FMC_IRQHandler                           0x08000353   Thumb Code     0  startup_stm32f746xx_keil.o(.text)
    FPU_IRQHandler                           0x08000353   Thumb Code     0  startup_stm32f746xx_keil.o(.text)
    I2C1_ER_IRQHandler                       0x08000353   Thumb Code     0  startup_stm32f746xx_keil.o(.text)
    I2C1_EV_IRQHandler                       0x08000353   Thumb Code     0  startup_stm32f746xx_keil.o(.text)
    I2C2_ER_IRQHandler                       0x08000353   Thumb Code     0  startup_stm32f746xx_keil.o(.text)
    I2C2_EV_IRQHandler                       0x08000353   Thumb Code     0  startup_stm32f746xx_keil.o(.text)
    I2C3_ER_IRQHandler                       0x08000353   Thumb Code     0  startup_stm32f746xx_keil.o(.text)
    I2C3_EV_IRQHandler                       0x08000353   Thumb Code     0  startup_stm32f746xx_keil.o(.text)
    I2C4_ER_IRQHandler                       0x08000353   Thumb Code     0  startup_stm32f746xx_keil.o(.text)
    I2C4_EV_IRQHandler                       0x08000353   Thumb Code     0  startup_stm32f746xx_keil.o(.text)
    LPTIM1_IRQHandler                        0x08000353   Thumb Code     0  startup_stm32f746xx_keil.o(.text)
    LTDC_ER_IRQHandler                       0x08000353   Thumb Code     0  startup_stm32f746xx_keil.o(.text)
    LTDC_IRQHandler                          0x08000353   Thumb Code     0  startup_stm32f746xx_keil.o(.text)
    OTG_FS_IRQHandler                        0x08000353   Thumb Code     0  startup_stm32f746xx_keil.o(.text)
    OTG_FS_WKUP_IRQHandler                   0x08000353   Thumb Code     0  startup_stm32f746xx_keil.o(.text)
    OTG_HS_EP1_IN_IRQHandler                 0x08000353   Thumb Code     0  startup_stm32f746xx_keil.o(.text)
    OTG_HS_EP1_OUT_IRQHandler                0x08000353   Thumb Code     0  startup_stm32f746xx_keil.o(.text)
    OTG_HS_IRQHandler                        0x08000353   Thumb Code     0  startup_stm32f746xx_keil.o(.text)
    OTG_HS_WKUP_IRQHandler                   0x08000353   Thumb Code     0  startup_stm32f746xx_keil.o(.text)
    PVD_IRQHandler                           0x08000353   Thumb Code     0  startup_stm32f746xx_keil.o(.text)
    QUADSPI_IRQHandler                       0x08000353   Thumb Code     0  startup_stm32f746xx_keil.o(.text)
    RCC_IRQHandler                           0x08000353   Thumb Code     0  startup_stm32f746xx_keil.o(.text)
    RNG_IRQHandler                           0x08000353   Thumb Code     0  startup_stm32f746xx_keil.o(.text)
    RTC_Alarm_IRQHandler                     0x08000353   Thumb Code     0  startup_stm32f746xx_keil.o(.text)
    RTC_WKUP_IRQHandler                      0x08000353   Thumb Code     0  startup_stm32f746xx_keil.o(.text)
    SAI1_IRQHandler                          0x08000353   Thumb Code     0  startup_stm32f746xx_keil.o(.text)
    SAI2_IRQHandler                          0x08000353   Thumb Code     0  startup_stm32f746xx_keil.o(.text)
    SDMMC1_IRQHandler                        0x08000353   Thumb Code     0  startup_stm32f746xx_keil.o(.text)
    SPDIF_RX_IRQHandler                      0x08000353   Thumb Code     0  startup_stm32f746xx_keil.o(.text)
    SPI1_IRQHandler                          0x08000353   Thumb Code     0  startup_stm32f746xx_keil.o(.text)
    SPI2_IRQHandler                          0x08000353   Thumb Code     0  startup_stm32f746xx_keil.o(.text)
    SPI3_IRQHandler                          0x08000353   Thumb Code     0  startup_stm32f746xx_keil.o(.text)
    SPI4_IRQHandler                          0x08000353   Thumb Code     0  startup_stm32f746xx_keil.o(.text)
    SPI5_IRQHandler                          0x08000353   Thumb Code     0  startup_stm32f746xx_keil.o(.text)
    SPI6_IRQHandler                          0x08000353   Thumb Code     0  startup_stm32f746xx_keil.o(.text)
    TAMP_STAMP_IRQHandler                    0x08000353   Thumb Code     0  startup_stm32f746xx_keil.o(.text)
    TIM1_BRK_TIM9_IRQHandler                 0x08000353   Thumb Code     0  startup_stm32f746xx_keil.o(.text)
    TIM1_CC_IRQHandler                       0x08000353   Thumb Code     0  startup_stm32f746xx_keil.o(.text)
    TIM1_TRG_COM_TIM11_IRQHandler            0x08000353   Thumb Code     0  startup_stm32f746xx_keil.o(.text)
    TIM1_UP_TIM10_IRQHandler                 0x08000353   Thumb Code     0  startup_stm32f746xx_keil.o(.text)
    TIM2_IRQHandler                          0x08000353   Thumb Code     0  startup_stm32f746xx_keil.o(.text)
    TIM3_IRQHandler                          0x08000353   Thumb Code     0  startup_stm32f746xx_keil.o(.text)
    TIM4_IRQHandler                          0x08000353   Thumb Code     0  startup_stm32f746xx_keil.o(.text)
    TIM5_IRQHandler                          0x08000353   Thumb Code     0  startup_stm32f746xx_keil.o(.text)
    TIM6_DAC_IRQHandler                      0x08000353   Thumb Code     0  startup_stm32f746xx_keil.o(.text)
    TIM7_IRQHandler                          0x08000353   Thumb Code     0  startup_stm32f746xx_keil.o(.text)
    TIM8_BRK_TIM12_IRQHandler                0x08000353   Thumb Code     0  startup_stm32f746xx_keil.o(.text)
    TIM8_CC_IRQHandler                       0x08000353   Thumb Code     0  startup_stm32f746xx_keil.o(.text)
    TIM8_TRG_COM_TIM14_IRQHandler            0x08000353   Thumb Code     0  startup_stm32f746xx_keil.o(.text)
    TIM8_UP_TIM13_IRQHandler                 0x08000353   Thumb Code     0  startup_stm32f746xx_keil.o(.text)
    UART4_IRQHandler                         0x08000353   Thumb Code     0  startup_stm32f746xx_keil.o(.text)
    UART5_IRQHandler                         0x08000353   Thumb Code     0  startup_stm32f746xx_keil.o(.text)
    UART7_IRQHandler                         0x08000353   Thumb Code     0  startup_stm32f746xx_keil.o(.text)
    UART8_IRQHandler                         0x08000353   Thumb Code     0  startup_stm32f746xx_keil.o(.text)
    USART1_IRQHandler                        0x08000353   Thumb Code     0  startup_stm32f746xx_keil.o(.text)
    USART2_IRQHandler                        0x08000353   Thumb Code     0  startup_stm32f746xx_keil.o(.text)
    USART3_IRQHandler                        0x08000353   Thumb Code     0  startup_stm32f746xx_keil.o(.text)
    USART6_IRQHandler                        0x08000353   Thumb Code     0  startup_stm32f746xx_keil.o(.text)
    WWDG_IRQHandler                          0x08000353   Thumb Code     0  startup_stm32f746xx_keil.o(.text)
    __aeabi_memset                           0x0800035d   Thumb Code    14  memseta.o(.text)
    __aeabi_memset4                          0x0800035d   Thumb Code     0  memseta.o(.text)
    __aeabi_memset8                          0x0800035d   Thumb Code     0  memseta.o(.text)
    __aeabi_memclr                           0x0800036b   Thumb Code     4  memseta.o(.text)
    __aeabi_memclr4                          0x0800036b   Thumb Code     0  memseta.o(.text)
    __aeabi_memclr8                          0x0800036b   Thumb Code     0  memseta.o(.text)
    _memset$wrapper                          0x0800036f   Thumb Code    18  memseta.o(.text)
    strcat                                   0x08000381   Thumb Code    24  strcat.o(.text)
    strlen                                   0x08000399   Thumb Code    14  strlen.o(.text)
    strcpy                                   0x080003a7   Thumb Code    18  strcpy.o(.text)
    strcasecmp                               0x080003b9   Thumb Code    42  strcasecmp.o(.text)
    tolower                                  0x080003e3   Thumb Code    12  tolower.o(.text)
    __scatterload                            0x080003f1   Thumb Code    28  init.o(.text)
    __scatterload_rt2                        0x080003f1   Thumb Code     0  init.o(.text)
    BSP_LED_Init                             0x08000415   Thumb Code    56  project_main.o(i.BSP_LED_Init)
    BSP_LED_Toggle                           0x08000455   Thumb Code    20  project_main.o(i.BSP_LED_Toggle)
    DMA1_Stream6_IRQHandler                  0x08000471   Thumb Code    38  tn_user.o(i.DMA1_Stream6_IRQHandler)
    DMA_ClearITPendingBit                    0x080004a9   Thumb Code    32  stm32f4xx_dma.o(i.DMA_ClearITPendingBit)
    DMA_Cmd                                  0x080004d5   Thumb Code    20  stm32f4xx_dma.o(i.DMA_Cmd)
    DMA_GetITStatus                          0x080004e9   Thumb Code    68  stm32f4xx_dma.o(i.DMA_GetITStatus)
    DMA_ITConfig                             0x0800053d   Thumb Code    44  stm32f4xx_dma.o(i.DMA_ITConfig)
    DMA_Init                                 0x08000569   Thumb Code    80  stm32f4xx_dma.o(i.DMA_Init)
    GPIO_Init                                0x080005bd   Thumb Code   162  stm32f4xx_gpio.o(i.GPIO_Init)
    GPIO_PinAFConfig                         0x0800065f   Thumb Code    32  stm32f4xx_gpio.o(i.GPIO_PinAFConfig)
    RCC_AHB1PeriphClockCmd                   0x08000695   Thumb Code    18  stm32f4xx_rcc.o(i.RCC_AHB1PeriphClockCmd)
    RCC_APB1PeriphClockCmd                   0x080006ad   Thumb Code    18  stm32f4xx_rcc.o(i.RCC_APB1PeriphClockCmd)
    RCC_GetClocksFreq                        0x080006c5   Thumb Code   174  stm32f4xx_rcc.o(i.RCC_GetClocksFreq)
    SysTick_Handler                          0x08000835   Thumb Code    14  tn_user.o(i.SysTick_Handler)
    SystemInit                               0x08000845   Thumb Code    74  system_stm32f4xx.o(i.SystemInit)
    USART_Cmd                                0x080008a1   Thumb Code    22  stm32f4xx_usart.o(i.USART_Cmd)
    USART_DMACmd                             0x080008b7   Thumb Code    20  stm32f4xx_usart.o(i.USART_DMACmd)
    USART_Init                               0x080008cd   Thumb Code   172  stm32f4xx_usart.o(i.USART_Init)
    __scatterload_copy                       0x08000981   Thumb Code    14  handlers.o(i.__scatterload_copy)
    __scatterload_null                       0x0800098f   Thumb Code     2  handlers.o(i.__scatterload_null)
    __scatterload_zeroinit                   0x08000991   Thumb Code    14  handlers.o(i.__scatterload_zeroinit)
    bsp_uart2_open                           0x080009a1   Thumb Code   312  stm32f4_uart.o(i.bsp_uart2_open)
    bsp_uart2_read                           0x08000ae5   Thumb Code   152  stm32f4_uart.o(i.bsp_uart2_read)
    bsp_uart2_transmit                       0x08000b81   Thumb Code   182  stm32f4_uart.o(i.bsp_uart2_transmit)
    delete_task_resources                    0x08000c45   Thumb Code     2  tn_sys.o(i.delete_task_resources)
    do_input_sem                             0x08000c47   Thumb Code    58  tn_dqueue.o(i.do_input_sem)
    do_itoa                                  0x08000c81   Thumb Code    82  prj_shell_func.o(i.do_itoa)
    do_mutex_unlock                          0x08000cd3   Thumb Code   226  tn_mutex.o(i.do_mutex_unlock)
    do_output_sem                            0x08000db5   Thumb Code    54  tn_dqueue.o(i.do_output_sem)
    do_release_mutex_queue                   0x08000deb   Thumb Code    42  tn_mutex.o(i.do_release_mutex_queue)
    do_sem_acquire                           0x08000e15   Thumb Code    36  tn_sem.o(i.do_sem_acquire)
    do_sem_signal                            0x08000e39   Thumb Code    66  tn_sem.o(i.do_sem_signal)
    find_next_task_to_run                    0x08000e7d   Thumb Code    46  tn_sys.o(i.find_next_task_to_run)
    is_queue_empty                           0x08000edf   Thumb Code    20  tn_utils.o(i.is_queue_empty)
    main                                     0x08000ef5   Thumb Code    58  project_main.o(i.main)
    queue_add_tail                           0x08000f4d   Thumb Code    12  tn_utils.o(i.queue_add_tail)
    queue_insert_by_priority                 0x08000f59   Thumb Code    50  tn_utils.o(i.queue_insert_by_priority)
    queue_remove_entry                       0x08000f8b   Thumb Code    14  tn_utils.o(i.queue_remove_entry)
    queue_remove_head                        0x08000f99   Thumb Code    26  tn_utils.o(i.queue_remove_head)
    queue_reset                              0x08000fb3   Thumb Code     6  tn_utils.o(i.queue_reset)
    sh_cmd_end                               0x08000fb9   Thumb Code    32  shell.o(i.sh_cmd_end)
    sh_do_cmd_exec                           0x08000fd9   Thumb Code   124  shell.o(i.sh_do_cmd_exec)
    sh_echo                                  0x08001069   Thumb Code    22  shell.o(i.sh_echo)
    sh_exec_cmd_1                            0x08001081   Thumb Code    12  prj_shell_func.o(i.sh_exec_cmd_1)
    sh_exec_cmd_2                            0x080010a1   Thumb Code    12  prj_shell_func.o(i.sh_exec_cmd_2)
    sh_exec_cmd_3                            0x080010c1   Thumb Code    12  prj_shell_func.o(i.sh_exec_cmd_3)
    sh_exec_cmd_psw                          0x080010e1   Thumb Code    12  prj_shell_func.o(i.sh_exec_cmd_psw)
    sh_exec_cmd_ver                          0x08001105   Thumb Code    12  prj_shell_func.o(i.sh_exec_cmd_ver)
    sh_exec_dump_stk                         0x08001121   Thumb Code   182  prj_shell_func.o(i.sh_exec_dump_stk)
    sh_get_command_line_args                 0x08001205   Thumb Code    82  shell.o(i.sh_get_command_line_args)
    sh_init                                  0x08001259   Thumb Code    66  shell.o(i.sh_init)
    sh_input                                 0x080012ad   Thumb Code   140  shell.o(i.sh_input)
    sh_prompt                                0x08001339   Thumb Code    32  shell.o(i.sh_prompt)
    sh_putchar                               0x08001365   Thumb Code    22  shell.o(i.sh_putchar)
    sh_send                                  0x0800137b   Thumb Code    22  shell.o(i.sh_send)
    sh_start_cmd_exec                        0x08001391   Thumb Code    18  shell.o(i.sh_start_cmd_exec)
    sll_add_head                             0x080013a9   Thumb Code    14  tn_utils.o(i.sll_add_head)
    sll_add_tail                             0x080013b7   Thumb Code    20  tn_utils.o(i.sll_add_tail)
    sll_init                                 0x080013cb   Thumb Code     8  tn_utils.o(i.sll_init)
    sll_remove_head                          0x080013d3   Thumb Code    14  tn_utils.o(i.sll_remove_head)
    task_curr_to_wait_action                 0x080013e1   Thumb Code    76  tn_sys.o(i.task_curr_to_wait_action)
    task_io_func                             0x08001431   Thumb Code    78  project_main.o(i.task_io_func)
    task_main_func                           0x0800148d   Thumb Code    44  project_main.o(i.task_main_func)
    task_set_dormant_state                   0x080014d1   Thumb Code    52  tn_sys.o(i.task_set_dormant_state)
    task_to_non_runnable                     0x08001505   Thumb Code    74  tn_sys.o(i.task_to_non_runnable)
    task_to_runnable                         0x0800155d   Thumb Code    54  tn_sys.o(i.task_to_runnable)
    task_uart2_rx_func                       0x080015a1   Thumb Code    40  project_main.o(i.task_uart2_rx_func)
    task_wait_complete                       0x080015d1   Thumb Code    50  tn_sys.o(i.task_wait_complete)
    tn_app_init                              0x08001605   Thumb Code   184  project_main.o(i.tn_app_init)
    tn_check_stack                           0x080016e9   Thumb Code    20  tn_port_cortexm0_m7.o(i.tn_check_stack)
    tn_cpu_int_enable                        0x08001701   Thumb Code     2  tn_user.o(i.tn_cpu_int_enable)
    tn_dqueue_create                         0x08001705   Thumb Code   156  tn_dqueue.o(i.tn_dqueue_create)
    tn_dqueue_receive                        0x080017a5   Thumb Code   278  tn_dqueue.o(i.tn_dqueue_receive)
    tn_dqueue_send_ex                        0x080018c5   Thumb Code   324  tn_dqueue.o(i.tn_dqueue_send_ex)
    tn_idle_task_func                        0x08001a11   Thumb Code    26  tn.o(i.tn_idle_task_func)
    tn_int_stack_init                        0x08001a31   Thumb Code     2  tn_port_cortexm0_m7.o(i.tn_int_stack_init)
    tn_os_tick_task_func                     0x08001a35   Thumb Code    26  project_main.o(i.tn_os_tick_task_func)
    tn_os_timer_cancel                       0x08001a55   Thumb Code    38  tn_sys.o(i.tn_os_timer_cancel)
    tn_os_timer_start                        0x08001a7d   Thumb Code    72  tn_sys.o(i.tn_os_timer_start)
    tn_os_timers_tick_proc                   0x08001acd   Thumb Code   148  tn_sys.o(i.tn_os_timers_tick_proc)
    tn_reset_idle_task_stack                 0x08001b69   Thumb Code    18  tn_port_cortexm0_m7.o(i.tn_reset_idle_task_stack)
    tn_sem_acquire                           0x08001b81   Thumb Code   126  tn_sem.o(i.tn_sem_acquire)
    tn_sem_create                            0x08001c09   Thumb Code    66  tn_sem.o(i.tn_sem_create)
    tn_sem_signal                            0x08001c51   Thumb Code    96  tn_sem.o(i.tn_sem_signal)
    tn_stack_init                            0x08001cb5   Thumb Code   142  tn_port_cortexm0_m7.o(i.tn_stack_init)
    tn_start_system                          0x08001d49   Thumb Code   198  tn.o(i.tn_start_system)
    tn_task_create                           0x08001e21   Thumb Code   254  tn_task.o(i.tn_task_create)
    tn_task_exit                             0x08001f35   Thumb Code    88  tn_task.o(i.tn_task_exit)
    tn_task_sleep                            0x08001f99   Thumb Code    70  tn_task.o(i.tn_task_sleep)
    tn_tick_int_processing                   0x08001fe5   Thumb Code   112  tn.o(i.tn_tick_int_processing)
    tn_update_priority                       0x08002065   Thumb Code   106  tn_sys.o(i.tn_update_priority)
    tn_update_ready_queue                    0x080020d1   Thumb Code    86  tn_sys.o(i.tn_update_ready_queue)
    tn_update_wait_queue                     0x08002131   Thumb Code    24  tn_sys.o(i.tn_update_wait_queue)
    tn_user_timers_tick_proc                 0x080021a5   Thumb Code   168  tn_timer.o(i.tn_user_timers_tick_proc)
    uart2_tx_char                            0x08002255   Thumb Code    18  stm32f4_uart.o(i.uart2_tx_char)
    uart2_tx_str                             0x0800226d   Thumb Code    32  stm32f4_uart.o(i.uart2_tx_str)
    g_shell_cmd_arr                          0x080022a4   Data          48  prj_shell_func.o(.constdata)
    g_shell_cmd_arr_size                     0x080022d4   Data           4  prj_shell_func.o(.constdata)
    Region$$Table$$Base                      0x08002348   Number         0  anon$$obj.o(Region$$Table)
    Region$$Table$$Limit                     0x08002368   Number         0  anon$$obj.o(Region$$Table)
    tn_idle_task_hook_func                   0x20000008   Data           4  tn.o(.data)
    tn_created_tasks_qty                     0x2000000c   Data           4  tn.o(.data)
    tn_system_state                          0x20000010   Data           4  tn.o(.data)
    tn_next_task_to_run                      0x20000014   Data           4  tn.o(.data)
    tn_curr_run_task                         0x20000018   Data           4  tn.o(.data)
    tn_sys_tick_count                        0x2000001c   Data           4  tn.o(.data)
    tn_ready_to_run_bmp                      0x20000020   Data           4  tn.o(.data)
    tn_idle_count                            0x20000024   Data           4  tn.o(.data)
    tn_create_queue                          0x20000028   Data           8  tn.o(.data)
    tn_sp_info                               0x20000030   Data           8  tn.o(.data)
    tn_os_timer_list_gen                     0x20000038   Data           8  tn.o(.data)
    tn_user_timer_list_gen                   0x20000040   Data           8  tn.o(.data)
    tn_func_exit_stack_start                 0x20000048   Data           4  tn.o(.data)
    queueShellEvents                         0x20001c20   Data          48  project_main.o(.bss)
    g_uart2_info                             0x20001d90   Data         152  project_main.o(.bss)
    tn_ready_list                            0x20001f20   Data         256  tn.o(.bss)
    tn_tslice_ticks                          0x20002020   Data          64  tn.o(.bss)
    tn_idle_task                             0x20002200   Data         112  tn.o(.bss)
    tn_sys_tick_sem                          0x20002270   Data          20  tn.o(.bss)
    tn_os_timer_list_tick                    0x20002284   Data          64  tn.o(.bss)
    tn_user_timer_list_tick                  0x200022c4   Data          64  tn.o(.bss)
    tn_func_exit_stack                       0x20002308   Data         512  tn.o(.bss)
    __initial_sp                             0x20002908   Data           0  startup_stm32f746xx_keil.o(STACK)



==============================================================================

Memory Map of the image

  Image Entry point : 0x080001c9

  Load Region LR_IROM1 (Base: 0x08000000, Size: 0x000023c4, Max: 0x00080000, ABSOLUTE)

    Execution Region ER_IROM1 (Exec base: 0x08000000, Load base: 0x08000000, Size: 0x00002368, Max: 0x00080000, ABSOLUTE)

    Exec Addr    Load Addr    Size         Type   Attr      Idx    E Section Name        Object

    0x08000000   0x08000000   0x000001c8   Data   RO         1901    RESET               startup_stm32f746xx_keil.o
    0x080001c8   0x080001c8   0x00000000   Code   RO         1988  * .ARM.Collect$$$$00000000  mc_w.l(entry.o)
    0x080001c8   0x080001c8   0x00000004   Code   RO         2005    .ARM.Collect$$$$00000001  mc_w.l(entry2.o)
    0x080001cc   0x080001cc   0x00000004   Code   RO         2008    .ARM.Collect$$$$00000004  mc_w.l(entry5.o)
    0x080001d0   0x080001d0   0x00000000   Code   RO         2010    .ARM.Collect$$$$00000008  mc_w.l(entry7b.o)
    0x080001d0   0x080001d0   0x00000000   Code   RO         2012    .ARM.Collect$$$$0000000A  mc_w.l(entry8b.o)
    0x080001d0   0x080001d0   0x00000008   Code   RO         2013    .ARM.Collect$$$$0000000B  mc_w.l(entry9a.o)
    0x080001d8   0x080001d8   0x00000000   Code   RO         2015    .ARM.Collect$$$$0000000D  mc_w.l(entry10a.o)
    0x080001d8   0x080001d8   0x00000000   Code   RO         2017    .ARM.Collect$$$$0000000F  mc_w.l(entry11a.o)
    0x080001d8   0x080001d8   0x00000004   Code   RO         2006    .ARM.Collect$$$$00002712  mc_w.l(entry2.o)
    0x080001dc   0x080001dc   0x00000004   PAD
    0x080001e0   0x080001e0   0x00000158   Code   RO          287    .text               tn_port_cortexm0_m7_asm.o
    0x08000338   0x08000338   0x00000024   Code   RO         1902    .text               startup_stm32f746xx_keil.o
    0x0800035c   0x0800035c   0x00000024   Code   RO         1993    .text               mc_w.l(memseta.o)
    0x08000380   0x08000380   0x00000018   Code   RO         1995    .text               mc_w.l(strcat.o)
    0x08000398   0x08000398   0x0000000e   Code   RO         1997    .text               mc_w.l(strlen.o)
    0x080003a6   0x080003a6   0x00000012   Code   RO         1999    .text               mc_w.l(strcpy.o)
    0x080003b8   0x080003b8   0x0000002a   Code   RO         2003    .text               mc_w.l(strcasecmp.o)
    0x080003e2   0x080003e2   0x0000000c   Code   RO         2019    .text               mc_w.l(tolower.o)
    0x080003ee   0x080003ee   0x00000002   PAD
    0x080003f0   0x080003f0   0x00000024   Code   RO         2021    .text               mc_w.l(init.o)
    0x08000414   0x08000414   0x00000040   Code   RO            3    i.BSP_LED_Init      project_main.o
    0x08000454   0x08000454   0x0000001c   Code   RO            4    i.BSP_LED_Toggle    project_main.o
    0x08000470   0x08000470   0x00000038   Code   RO          139    i.DMA1_Stream6_IRQHandler  tn_user.o
    0x080004a8   0x080004a8   0x0000002c   Code   RO         1046    i.DMA_ClearITPendingBit  stm32f4xx_dma.o
    0x080004d4   0x080004d4   0x00000014   Code   RO         1047    i.DMA_Cmd           stm32f4xx_dma.o
    0x080004e8   0x080004e8   0x00000054   Code   RO         1057    i.DMA_GetITStatus   stm32f4xx_dma.o
    0x0800053c   0x0800053c   0x0000002c   Code   RO         1058    i.DMA_ITConfig      stm32f4xx_dma.o
    0x08000568   0x08000568   0x00000054   Code   RO         1059    i.DMA_Init          stm32f4xx_dma.o
    0x080005bc   0x080005bc   0x000000a2   Code   RO         1203    i.GPIO_Init         stm32f4xx_gpio.o
    0x0800065e   0x0800065e   0x00000020   Code   RO         1204    i.GPIO_PinAFConfig  stm32f4xx_gpio.o
    0x0800067e   0x0800067e   0x00000016   Code   RO          982    i.NVIC_DisableIRQ   stm32f4_uart.o
    0x08000694   0x08000694   0x00000018   Code   RO         1308    i.RCC_AHB1PeriphClockCmd  stm32f4xx_rcc.o
    0x080006ac   0x080006ac   0x00000018   Code   RO         1317    i.RCC_APB1PeriphClockCmd  stm32f4xx_rcc.o
    0x080006c4   0x080006c4   0x000000bc   Code   RO         1331    i.RCC_GetClocksFreq  stm32f4xx_rcc.o
    0x08000780   0x08000780   0x000000b4   Code   RO         1864    i.SetSysClock       system_stm32f4xx.o
    0x08000834   0x08000834   0x0000000e   Code   RO          140    i.SysTick_Handler   tn_user.o
    0x08000842   0x08000842   0x00000002   PAD
    0x08000844   0x08000844   0x0000005c   Code   RO         1866    i.SystemInit        system_stm32f4xx.o
    0x080008a0   0x080008a0   0x00000016   Code   RO         1677    i.USART_Cmd         stm32f4xx_usart.o
    0x080008b6   0x080008b6   0x00000014   Code   RO         1678    i.USART_DMACmd      stm32f4xx_usart.o
    0x080008ca   0x080008ca   0x00000002   PAD
    0x080008cc   0x080008cc   0x000000b4   Code   RO         1684    i.USART_Init        stm32f4xx_usart.o
    0x08000980   0x08000980   0x0000000e   Code   RO         2025    i.__scatterload_copy  mc_w.l(handlers.o)
    0x0800098e   0x0800098e   0x00000002   Code   RO         2026    i.__scatterload_null  mc_w.l(handlers.o)
    0x08000990   0x08000990   0x0000000e   Code   RO         2027    i.__scatterload_zeroinit  mc_w.l(handlers.o)
    0x0800099e   0x0800099e   0x00000002   PAD
    0x080009a0   0x080009a0   0x00000144   Code   RO          984    i.bsp_uart2_open    stm32f4_uart.o
    0x08000ae4   0x08000ae4   0x0000009c   Code   RO          985    i.bsp_uart2_read    stm32f4_uart.o
    0x08000b80   0x08000b80   0x000000c4   Code   RO          986    i.bsp_uart2_transmit  stm32f4_uart.o
    0x08000c44   0x08000c44   0x00000002   Code   RO          673    i.delete_task_resources  tn_sys.o
    0x08000c46   0x08000c46   0x0000003a   Code   RO          373    i.do_input_sem      tn_dqueue.o
    0x08000c80   0x08000c80   0x00000052   Code   RO          186    i.do_itoa           prj_shell_func.o
    0x08000cd2   0x08000cd2   0x000000e2   Code   RO          574    i.do_mutex_unlock   tn_mutex.o
    0x08000db4   0x08000db4   0x00000036   Code   RO          374    i.do_output_sem     tn_dqueue.o
    0x08000dea   0x08000dea   0x0000002a   Code   RO          575    i.do_release_mutex_queue  tn_mutex.o
    0x08000e14   0x08000e14   0x00000024   Code   RO          631    i.do_sem_acquire    tn_sem.o
    0x08000e38   0x08000e38   0x00000042   Code   RO          632    i.do_sem_signal     tn_sem.o
    0x08000e7a   0x08000e7a   0x00000002   PAD
    0x08000e7c   0x08000e7c   0x0000003c   Code   RO          674    i.find_next_task_to_run  tn_sys.o
    0x08000eb8   0x08000eb8   0x0000000e   Code   RO          675    i.get_task_by_timer_queue  tn_sys.o
    0x08000ec6   0x08000ec6   0x0000000c   Code   RO          577    i.get_task_by_tsk_queue  tn_mutex.o
    0x08000ed2   0x08000ed2   0x0000000c   Code   RO          676    i.get_task_by_tsk_queue  tn_sys.o
    0x08000ede   0x08000ede   0x00000014   Code   RO          896    i.is_queue_empty    tn_utils.o
    0x08000ef2   0x08000ef2   0x00000002   PAD
    0x08000ef4   0x08000ef4   0x00000048   Code   RO            5    i.main              project_main.o
    0x08000f3c   0x08000f3c   0x00000010   Code   RO          677    i.os_tick_list_index  tn_sys.o
    0x08000f4c   0x08000f4c   0x0000000c   Code   RO          898    i.queue_add_tail    tn_utils.o
    0x08000f58   0x08000f58   0x00000032   Code   RO          900    i.queue_insert_by_priority  tn_utils.o
    0x08000f8a   0x08000f8a   0x0000000e   Code   RO          901    i.queue_remove_entry  tn_utils.o
    0x08000f98   0x08000f98   0x0000001a   Code   RO          902    i.queue_remove_head  tn_utils.o
    0x08000fb2   0x08000fb2   0x00000006   Code   RO          904    i.queue_reset       tn_utils.o
    0x08000fb8   0x08000fb8   0x00000020   Code   RO         1908    i.sh_cmd_end        shell.o
    0x08000fd8   0x08000fd8   0x00000090   Code   RO         1909    i.sh_do_cmd_exec    shell.o
    0x08001068   0x08001068   0x00000016   Code   RO         1910    i.sh_echo           shell.o
    0x0800107e   0x0800107e   0x00000002   PAD
    0x08001080   0x08001080   0x00000020   Code   RO          187    i.sh_exec_cmd_1     prj_shell_func.o
    0x080010a0   0x080010a0   0x00000020   Code   RO          188    i.sh_exec_cmd_2     prj_shell_func.o
    0x080010c0   0x080010c0   0x00000020   Code   RO          189    i.sh_exec_cmd_3     prj_shell_func.o
    0x080010e0   0x080010e0   0x00000024   Code   RO          190    i.sh_exec_cmd_psw   prj_shell_func.o
    0x08001104   0x08001104   0x0000001c   Code   RO          191    i.sh_exec_cmd_ver   prj_shell_func.o
    0x08001120   0x08001120   0x000000e4   Code   RO          192    i.sh_exec_dump_stk  prj_shell_func.o
    0x08001204   0x08001204   0x00000052   Code   RO         1911    i.sh_get_command_line_args  shell.o
    0x08001256   0x08001256   0x00000002   PAD
    0x08001258   0x08001258   0x00000054   Code   RO         1912    i.sh_init           shell.o
    0x080012ac   0x080012ac   0x0000008c   Code   RO         1913    i.sh_input          shell.o
    0x08001338   0x08001338   0x0000002c   Code   RO         1914    i.sh_prompt         shell.o
    0x08001364   0x08001364   0x00000016   Code   RO         1915    i.sh_putchar        shell.o
    0x0800137a   0x0800137a   0x00000016   Code   RO         1916    i.sh_send           shell.o
    0x08001390   0x08001390   0x00000018   Code   RO         1917    i.sh_start_cmd_exec  shell.o
    0x080013a8   0x080013a8   0x0000000e   Code   RO          905    i.sll_add_head      tn_utils.o
    0x080013b6   0x080013b6   0x00000014   Code   RO          906    i.sll_add_tail      tn_utils.o
    0x080013ca   0x080013ca   0x00000008   Code   RO          907    i.sll_init          tn_utils.o
    0x080013d2   0x080013d2   0x0000000e   Code   RO          908    i.sll_remove_head   tn_utils.o
    0x080013e0   0x080013e0   0x00000050   Code   RO          678    i.task_curr_to_wait_action  tn_sys.o
    0x08001430   0x08001430   0x0000005c   Code   RO            6    i.task_io_func      project_main.o
    0x0800148c   0x0800148c   0x00000044   Code   RO            7    i.task_main_func    project_main.o
    0x080014d0   0x080014d0   0x00000034   Code   RO          679    i.task_set_dormant_state  tn_sys.o
    0x08001504   0x08001504   0x00000058   Code   RO          680    i.task_to_non_runnable  tn_sys.o
    0x0800155c   0x0800155c   0x00000044   Code   RO          681    i.task_to_runnable  tn_sys.o
    0x080015a0   0x080015a0   0x00000030   Code   RO            8    i.task_uart2_rx_func  project_main.o
    0x080015d0   0x080015d0   0x00000032   Code   RO          682    i.task_wait_complete  tn_sys.o
    0x08001602   0x08001602   0x00000002   PAD
    0x08001604   0x08001604   0x000000e4   Code   RO            9    i.tn_app_init       project_main.o
    0x080016e8   0x080016e8   0x00000018   Code   RO          257    i.tn_check_stack    tn_port_cortexm0_m7.o
    0x08001700   0x08001700   0x00000002   Code   RO          141    i.tn_cpu_int_enable  tn_user.o
    0x08001702   0x08001702   0x00000002   PAD
    0x08001704   0x08001704   0x000000a0   Code   RO          375    i.tn_dqueue_create  tn_dqueue.o
    0x080017a4   0x080017a4   0x00000120   Code   RO          379    i.tn_dqueue_receive  tn_dqueue.o
    0x080018c4   0x080018c4   0x0000014c   Code   RO          380    i.tn_dqueue_send_ex  tn_dqueue.o
    0x08001a10   0x08001a10   0x00000020   Code   RO          291    i.tn_idle_task_func  tn.o
    0x08001a30   0x08001a30   0x00000002   Code   RO          258    i.tn_int_stack_init  tn_port_cortexm0_m7.o
    0x08001a32   0x08001a32   0x00000002   PAD
    0x08001a34   0x08001a34   0x00000020   Code   RO           10    i.tn_os_tick_task_func  project_main.o
    0x08001a54   0x08001a54   0x00000026   Code   RO          683    i.tn_os_timer_cancel  tn_sys.o
    0x08001a7a   0x08001a7a   0x00000002   PAD
    0x08001a7c   0x08001a7c   0x00000050   Code   RO          684    i.tn_os_timer_start  tn_sys.o
    0x08001acc   0x08001acc   0x0000009c   Code   RO          685    i.tn_os_timers_tick_proc  tn_sys.o
    0x08001b68   0x08001b68   0x00000018   Code   RO          259    i.tn_reset_idle_task_stack  tn_port_cortexm0_m7.o
    0x08001b80   0x08001b80   0x00000088   Code   RO          633    i.tn_sem_acquire    tn_sem.o
    0x08001c08   0x08001c08   0x00000048   Code   RO          634    i.tn_sem_create     tn_sem.o
    0x08001c50   0x08001c50   0x00000064   Code   RO          636    i.tn_sem_signal     tn_sem.o
    0x08001cb4   0x08001cb4   0x00000094   Code   RO          260    i.tn_stack_init     tn_port_cortexm0_m7.o
    0x08001d48   0x08001d48   0x000000d8   Code   RO          292    i.tn_start_system   tn.o
    0x08001e20   0x08001e20   0x00000114   Code   RO          785    i.tn_task_create    tn_task.o
    0x08001f34   0x08001f34   0x00000064   Code   RO          787    i.tn_task_exit      tn_task.o
    0x08001f98   0x08001f98   0x0000004c   Code   RO          789    i.tn_task_sleep     tn_task.o
    0x08001fe4   0x08001fe4   0x00000080   Code   RO          294    i.tn_tick_int_processing  tn.o
    0x08002064   0x08002064   0x0000006a   Code   RO          687    i.tn_update_priority  tn_sys.o
    0x080020ce   0x080020ce   0x00000002   PAD
    0x080020d0   0x080020d0   0x00000060   Code   RO          688    i.tn_update_ready_queue  tn_sys.o
    0x08002130   0x08002130   0x00000018   Code   RO          689    i.tn_update_wait_queue  tn_sys.o
    0x08002148   0x08002148   0x00000020   Code   RO          849    i.tn_user_timer_cancel  tn_timer.o
    0x08002168   0x08002168   0x0000003c   Code   RO          850    i.tn_user_timer_start  tn_timer.o
    0x080021a4   0x080021a4   0x000000b0   Code   RO          851    i.tn_user_timers_tick_proc  tn_timer.o
    0x08002254   0x08002254   0x00000018   Code   RO          987    i.uart2_tx_char     stm32f4_uart.o
    0x0800226c   0x0800226c   0x00000024   Code   RO          988    i.uart2_tx_str      stm32f4_uart.o
    0x08002290   0x08002290   0x00000010   Code   RO          852    i.user_tick_list_index  tn_timer.o
    0x080022a0   0x080022a0   0x00000002   Data   RO           13    .constdata          project_main.o
    0x080022a2   0x080022a2   0x00000002   PAD
    0x080022a4   0x080022a4   0x00000030   Data   RO          193    .constdata          prj_shell_func.o
    0x080022d4   0x080022d4   0x00000004   Data   RO          194    .constdata          prj_shell_func.o
    0x080022d8   0x080022d8   0x0000002c   Data   RO          195    .conststring        prj_shell_func.o
    0x08002304   0x08002304   0x00000042   Data   RO          196    .conststring        prj_shell_func.o
    0x08002346   0x08002346   0x00000002   PAD
    0x08002348   0x08002348   0x00000020   Data   RO         2023    Region$$Table       anon$$obj.o


    Execution Region RW_IRAM1 (Exec base: 0x20000000, Load base: 0x08002368, Size: 0x00002908, Max: 0x00020000, ABSOLUTE)

    Exec Addr    Load Addr    Size         Type   Attr      Idx    E Section Name        Object

    0x20000000   0x08002368   0x00000008   Data   RW           14    .data               project_main.o
    0x20000008   0x08002370   0x00000040   Data   RW          298    .data               tn.o
    0x20000048   0x080023b0   0x00000004   Data   RW          299    .data               tn.o
    0x2000004c   0x080023b4   0x00000010   Data   RW         1364    .data               stm32f4xx_rcc.o
    0x2000005c   0x080023c4   0x00000004   PAD
    0x20000060        -       0x00001dd8   Zero   RW           11    .bss                project_main.o
    0x20001e38        -       0x000000e4   Zero   RW           12    .bss                project_main.o
    0x20001f1c   0x080023c4   0x00000004   PAD
    0x20001f20        -       0x000003e4   Zero   RW          295    .bss                tn.o
    0x20002304   0x080023c4   0x00000004   PAD
    0x20002308        -       0x00000200   Zero   RW          296    .bss                tn.o
    0x20002508        -       0x00000400   Zero   RW         1899    STACK               startup_stm32f746xx_keil.o


==============================================================================

Image component sizes


      Code (inc. data)   RO Data    RW Data    ZI Data      Debug   Object Name

       470        146        162          0          0      12621   prj_shell_func.o
       632        126          2          8       7868     323634   project_main.o
       616         56          0          0          0      14035   shell.o
        36          8        456          0       1024        908   startup_stm32f746xx_keil.o
       758         40          0          0          0      33214   stm32f4_uart.o
       276         32          0          0          0     285150   stm32f4xx_dma.o
       194          0          0          0          0       8507   stm32f4xx_gpio.o
       236         26          0         16          0      22482   stm32f4xx_rcc.o
       222          8          0          0          0       9020   stm32f4xx_usart.o
       272         36          0          0          0       1721   system_stm32f4xx.o
       376         40          0         68       1508       8988   tn.o
       892         22          0          0          0      11935   tn_dqueue.o
       280          0          0          0          0       8308   tn_mutex.o
       198         16          0          0          0       3224   tn_port_cortexm0_m7.o
       344         40          0          0          0        488   tn_port_cortexm0_m7_asm.o
       410         20          0          0          0       4546   tn_sem.o
       942         76          0          0          0      17012   tn_sys.o
       452         40          0          0          0       2704   tn_task.o
       284         22          0          0          0       3151   tn_timer.o
        72         18          0          0          0       7437   tn_user.o
       184          0          0          0          0       6355   tn_utils.o

    ----------------------------------------------------------------------
      8168        772        656         92      10412     785440   Object Totals
         0          0         32          0          0          0   (incl. Generated)
        22          0          4          0         12          0   (incl. Padding)

    ----------------------------------------------------------------------

      Code (inc. data)   RO Data    RW Data    ZI Data      Debug   Library Member Name

         0          0          0          0          0          0   entry.o
         0          0          0          0          0          0   entry10a.o
         0          0          0          0          0          0   entry11a.o
         8          4          0          0          0          0   entry2.o
         4          0          0          0          0          0   entry5.o
         0          0          0          0          0          0   entry7b.o
         0          0          0          0          0          0   entry8b.o
         8          4          0          0          0          0   entry9a.o
        30          0          0          0          0          0   handlers.o
        36          8          0          0          0         68   init.o
        36          0          0          0          0        108   memseta.o
        42          0          0          0          0         84   strcasecmp.o
        24          0          0          0          0         68   strcat.o
        18          0          0          0          0         68   strcpy.o
        14          0          0          0          0         68   strlen.o
        12          0          0          0          0         68   tolower.o

    ----------------------------------------------------------------------
       240         20          0          0          0        532   Library Totals
         8          4          0          0          0          0   (incl. Padding)

    ----------------------------------------------------------------------

      Code (inc. data)   RO Data    RW Data    ZI Data      Debug   Library Name

       232         16          0          0          0        532   mc_w.l

    ----------------------------------------------------------------------
       240         20          0          0          0        532   Library Totals

    ----------------------------------------------------------------------

==============================================================================


      Code (inc. data)   RO Data    RW Data    ZI Data      Debug   

      8408        792        656         92      10412     776572   Grand Totals
      8408        792        656         92      10412     776572   ELF Image Totals
      8408        792        656         92          0          0   ROM Totals

==============================================================================

    Total RO  Size (Code + RO Data)                 9064 (   8.85kB)
    Total RW  Size (RW Data + ZI Data)             10504 (  10.26kB)
    Total ROM Size (Code + RO Data + RW Data)       9156 (   8.94kB)

==============================================================================

