ARM GAS  c:/Yuri/Projects/tnkernel_3/examples/CortexM0_M7/CortexM7/GCC/../../../../common_cortex\src/tn_stm32f746_Startup_gcc.s 			page 1


   1              	/* ---------------------------------------------------------------------------
   2              	
   3              	       TNKernel startup file for STM32F746ZE  processor
   4              	
   5              	       Assembler: GCC
   6              	
   7              	       Copyright © 2004, 2016 Yuri Tiomkin
   8              	       All rights reserved.
   9              	
  10              	   Permission to use, copy, modify, and distribute this software in source
  11              	   and binary forms and its documentation for any purpose and without fee
  12              	   is hereby granted, provided that the above copyright notice appear
  13              	   in all copies and that both that copyright notice and this permission
  14              	   notice appear in supporting documentation.
  15              	
  16              	   THIS SOFTWARE IS PROVIDED BY THE YURI TIOMKIN AND CONTRIBUTORS ``AS IS'' AND
  17              	   ANY EXPRESS OR IMPLIED WARRANTIES, INCLUDING, BUT NOT LIMITED TO, THE
  18              	   IMPLIED WARRANTIES OF MERCHANTABILITY AND FITNESS FOR A PARTICULAR PURPOSE
  19              	   ARE DISCLAIMED. IN NO EVENT SHALL YURI TIOMKIN OR CONTRIBUTORS BE LIABLE
  20              	   FOR ANY DIRECT, INDIRECT, INCIDENTAL, SPECIAL, EXEMPLARY, OR CONSEQUENTIAL
  21              	   DAMAGES (INCLUDING, BUT NOT LIMITED TO, PROCUREMENT OF SUBSTITUTE GOODS
  22              	   OR SERVICES; LOSS OF USE, DATA, OR PROFITS; OR BUSINESS INTERRUPTION)
  23              	   HOWEVER CAUSED AND ON ANY THEORY OF LIABILITY, WHETHER IN CONTRACT, STRICT
  24              	   LIABILITY, OR TORT (INCLUDING NEGLIGENCE OR OTHERWISE) ARISING IN ANY WAY
  25              	   OUT OF THE USE OF THIS SOFTWARE, EVEN IF ADVISED OF THE POSSIBILITY OF
  26              	   SUCH DAMAGE.
  27              	----------------------------------------------------------------------------- */
  28              	
  29              	
  30              	   /*  STM32F746ZE  device  */
  31              	
  32              	  .section .vectors, "ax"
  33              	  .code 16
  34              	  .align 0
  35              	  .global _vectors
  36              	
  37              	_vectors:
  38              	
  39 0000 00000000 	  .word __stack_end__
  40 0004 00000000 	  .word  Reset_Handler
  41 0008 00000000 	  .word  NMI_Handler
  42 000c 00000000 	  .word  HardFault_Handler
  43 0010 00000000 	  .word  MemManage_Handler
  44 0014 00000000 	  .word  BusFault_Handler
  45 0018 00000000 	  .word  UsageFault_Handler
  46 001c 00000000 	  .word  0
  47 0020 00000000 	  .word  0
  48 0024 00000000 	  .word  0
  49 0028 00000000 	  .word  0
  50 002c 00000000 	  .word  SVC_Handler
  51 0030 00000000 	  .word  DebugMon_Handler
  52 0034 00000000 	  .word  0
  53 0038 00000000 	  .word  PendSV_Handler
  54 003c 00000000 	  .word  SysTick_Handler
  55              	  
  56              	  /* External Interrupts */
  57              	
ARM GAS  c:/Yuri/Projects/tnkernel_3/examples/CortexM0_M7/CortexM7/GCC/../../../../common_cortex\src/tn_stm32f746_Startup_gcc.s 			page 2


  58 0040 00000000 	  .word  WWDG_IRQHandler                   /* Window WatchDog                                */    
  59 0044 00000000 	  .word  PVD_IRQHandler                    /* PVD through EXTI Line detection                */    
  60 0048 00000000 	  .word  TAMP_STAMP_IRQHandler             /* Tamper and TimeStamps through the EXTI line    */    
  61 004c 00000000 	  .word  RTC_WKUP_IRQHandler               /* RTC Wakeup through the EXTI line               */    
  62 0050 00000000 	  .word  FLASH_IRQHandler                  /* FLASH                                          */ 
  63 0054 00000000 	  .word  RCC_IRQHandler                    /* RCC                                            */ 
  64 0058 00000000 	  .word  EXTI0_IRQHandler                  /* EXTI Line0                                     */    
  65 005c 00000000 	  .word  EXTI1_IRQHandler                  /* EXTI Line1                                     */    
  66 0060 00000000 	  .word  EXTI2_IRQHandler                  /* EXTI Line2                                     */    
  67 0064 00000000 	  .word  EXTI3_IRQHandler                  /* EXTI Line3                                     */    
  68 0068 00000000 	  .word  EXTI4_IRQHandler                  /* EXTI Line4                                     */    
  69 006c 00000000 	  .word  DMA1_Stream0_IRQHandler           /* DMA1 Stream 0                                  */ 
  70 0070 00000000 	  .word  DMA1_Stream1_IRQHandler           /* DMA1 Stream 1                                  */ 
  71 0074 00000000 	  .word  DMA1_Stream2_IRQHandler           /* DMA1 Stream 2                                  */ 
  72 0078 00000000 	  .word  DMA1_Stream3_IRQHandler           /* DMA1 Stream 3                                  */ 
  73 007c 00000000 	  .word  DMA1_Stream4_IRQHandler           /* DMA1 Stream 4                                  */ 
  74 0080 00000000 	  .word  DMA1_Stream5_IRQHandler           /* DMA1 Stream 5                                  */ 
  75 0084 00000000 	  .word  DMA1_Stream6_IRQHandler           /* DMA1 Stream 6                                  */ 
  76 0088 00000000 	  .word  ADC_IRQHandler                    /* ADC1, ADC2 and ADC3s                           */ 
  77 008c 00000000 	  .word  CAN1_TX_IRQHandler                /* CAN1 TX                                        */    
  78 0090 00000000 	  .word  CAN1_RX0_IRQHandler               /* CAN1 RX0                                       */    
  79 0094 00000000 	  .word  CAN1_RX1_IRQHandler               /* CAN1 RX1                                       */    
  80 0098 00000000 	  .word  CAN1_SCE_IRQHandler               /* CAN1 SCE                                       */    
  81 009c 00000000 	  .word  EXTI9_5_IRQHandler                /* External Line[9:5]s                            */    
  82 00a0 00000000 	  .word  TIM1_BRK_TIM9_IRQHandler          /* TIM1 Break and TIM9                            */
  83 00a4 00000000 	  .word  TIM1_UP_TIM10_IRQHandler          /* TIM1 Update and TIM10                          */
  84 00a8 00000000 	  .word  TIM1_TRG_COM_TIM11_IRQHandler     /* TIM1 Trigger and Commutation and TIM11         */
  85 00ac 00000000 	  .word  TIM1_CC_IRQHandler                /* TIM1 Capture Compare                           */    
  86 00b0 00000000 	  .word  TIM2_IRQHandler                   /* TIM2                                           */ 
  87 00b4 00000000 	  .word  TIM3_IRQHandler                   /* TIM3                                           */ 
  88 00b8 00000000 	  .word  TIM4_IRQHandler                   /* TIM4                                           */ 
  89 00bc 00000000 	  .word  I2C1_EV_IRQHandler                /* I2C1 Event                                     */    
  90 00c0 00000000 	  .word  I2C1_ER_IRQHandler                /* I2C1 Error                                     */    
  91 00c4 00000000 	  .word  I2C2_EV_IRQHandler                /* I2C2 Event                                     */    
  92 00c8 00000000 	  .word  I2C2_ER_IRQHandler                /* I2C2 Error                                     */    
  93 00cc 00000000 	  .word  SPI1_IRQHandler                   /* SPI1                                           */ 
  94 00d0 00000000 	  .word  SPI2_IRQHandler                   /* SPI2                                           */ 
  95 00d4 00000000 	  .word  USART1_IRQHandler                 /* USART1                                         */ 
  96 00d8 00000000 	  .word  USART2_IRQHandler                 /* USART2                                         */ 
  97 00dc 00000000 	  .word  USART3_IRQHandler                 /* USART3                                         */ 
  98 00e0 00000000 	  .word  EXTI15_10_IRQHandler              /* External Line[15:10]s                          */    
  99 00e4 00000000 	  .word  RTC_Alarm_IRQHandler              /* RTC Alarm (A and B) through EXTI Line          */    
 100 00e8 00000000 	  .word  OTG_FS_WKUP_IRQHandler            /* USB OTG FS Wakeup through EXTI line            */    
 101 00ec 00000000 	  .word  TIM8_BRK_TIM12_IRQHandler         /* TIM8 Break and TIM12                           */
 102 00f0 00000000 	  .word  TIM8_UP_TIM13_IRQHandler          /* TIM8 Update and TIM13                          */
 103 00f4 00000000 	  .word  TIM8_TRG_COM_TIM14_IRQHandler     /* TIM8 Trigger and Commutation and TIM14         */
 104 00f8 00000000 	  .word  TIM8_CC_IRQHandler                /* TIM8 Capture Compare                           */    
 105 00fc 00000000 	  .word  DMA1_Stream7_IRQHandler           /* DMA1 Stream7                                   */    
 106 0100 00000000 	  .word  FMC_IRQHandler                    /* FMC                                            */ 
 107 0104 00000000 	  .word  SDMMC1_IRQHandler                  /* SDMMC1                                        */    
 108 0108 00000000 	  .word  TIM5_IRQHandler                   /* TIM5                                           */ 
 109 010c 00000000 	  .word  SPI3_IRQHandler                   /* SPI3                                           */ 
 110 0110 00000000 	  .word  UART4_IRQHandler                  /* UART4                                          */ 
 111 0114 00000000 	  .word  UART5_IRQHandler                  /* UART5                                          */ 
 112 0118 00000000 	  .word  TIM6_DAC_IRQHandler               /* TIM6 and DAC1&2 underrun errors                */   
 113 011c 00000000 	  .word  TIM7_IRQHandler                   /* TIM7                                           */
 114 0120 00000000 	  .word  DMA2_Stream0_IRQHandler           /* DMA2 Stream 0                                  */ 
ARM GAS  c:/Yuri/Projects/tnkernel_3/examples/CortexM0_M7/CortexM7/GCC/../../../../common_cortex\src/tn_stm32f746_Startup_gcc.s 			page 3


 115 0124 00000000 	  .word  DMA2_Stream1_IRQHandler           /* DMA2 Stream 1                                  */ 
 116 0128 00000000 	  .word  DMA2_Stream2_IRQHandler           /* DMA2 Stream 2                                  */ 
 117 012c 00000000 	  .word  DMA2_Stream3_IRQHandler           /* DMA2 Stream 3                                  */ 
 118 0130 00000000 	  .word  DMA2_Stream4_IRQHandler           /* DMA2 Stream 4                                  */ 
 119 0134 00000000 	  .word  ETH_IRQHandler                    /* Ethernet                                       */ 
 120 0138 00000000 	  .word  ETH_WKUP_IRQHandler               /* Ethernet Wakeup through EXTI line              */    
 121 013c 00000000 	  .word  CAN2_TX_IRQHandler                /* CAN2 TX                                        */    
 122 0140 00000000 	  .word  CAN2_RX0_IRQHandler               /* CAN2 RX0                                       */    
 123 0144 00000000 	  .word  CAN2_RX1_IRQHandler               /* CAN2 RX1                                       */    
 124 0148 00000000 	  .word  CAN2_SCE_IRQHandler               /* CAN2 SCE                                       */    
 125 014c 00000000 	  .word  OTG_FS_IRQHandler                 /* USB OTG FS                                     */ 
 126 0150 00000000 	  .word  DMA2_Stream5_IRQHandler           /* DMA2 Stream 5                                  */ 
 127 0154 00000000 	  .word  DMA2_Stream6_IRQHandler           /* DMA2 Stream 6                                  */ 
 128 0158 00000000 	  .word  DMA2_Stream7_IRQHandler           /* DMA2 Stream 7                                  */ 
 129 015c 00000000 	  .word  USART6_IRQHandler                 /* USART6                                         */  
 130 0160 00000000 	  .word  I2C3_EV_IRQHandler                /* I2C3 event                                     */    
 131 0164 00000000 	  .word  I2C3_ER_IRQHandler                /* I2C3 error                                     */    
 132 0168 00000000 	  .word  OTG_HS_EP1_OUT_IRQHandler         /* USB OTG HS End Point 1 Out                     */ 
 133 016c 00000000 	  .word  OTG_HS_EP1_IN_IRQHandler          /* USB OTG HS End Point 1 In                      */ 
 134 0170 00000000 	  .word  OTG_HS_WKUP_IRQHandler            /* USB OTG HS Wakeup through EXTI                 */    
 135 0174 00000000 	  .word  OTG_HS_IRQHandler                 /* USB OTG HS                                     */ 
 136 0178 00000000 	  .word  DCMI_IRQHandler                   /* DCMI                                           */ 
 137 017c 00000000 	  .word  0                                 /* Reserved                                       */
 138 0180 00000000 	  .word  RNG_IRQHandler                    /* Hash and Rng                                   */
 139 0184 00000000 	  .word  FPU_IRQHandler                    /* FPU                                            */
 140 0188 00000000 	  .word  UART7_IRQHandler                  /* UART7                                          */
 141 018c 00000000 	  .word  UART8_IRQHandler                  /* UART8                                          */
 142 0190 00000000 	  .word  SPI4_IRQHandler                   /* SPI4                                           */
 143 0194 00000000 	  .word  SPI5_IRQHandler                   /* SPI5                                           */
 144 0198 00000000 	  .word  SPI6_IRQHandler                   /* SPI6                                           */
 145 019c 00000000 	  .word  SAI1_IRQHandler                   /* SAI1                                           */
 146 01a0 00000000 	  .word  LTDC_IRQHandler                   /* LTDC                                           */
 147 01a4 00000000 	  .word  LTDC_ER_IRQHandler                /* LTDC error                                     */
 148 01a8 00000000 	  .word  DMA2D_IRQHandler                  /* DMA2D                                          */
 149 01ac 00000000 	  .word  SAI2_IRQHandler                   /* SAI2                                           */
 150 01b0 00000000 	  .word  QUADSPI_IRQHandler                /* QUADSPI                                        */
 151 01b4 00000000 	  .word  LPTIM1_IRQHandler                 /* LPTIM1                                         */
 152 01b8 00000000 	  .word  CEC_IRQHandler                    /* HDMI_CEC                                       */
 153 01bc 00000000 	  .word  I2C4_EV_IRQHandler                /* I2C4 Event                                     */    
 154 01c0 00000000 	  .word  I2C4_ER_IRQHandler                /* I2C4 Error                                     */
 155 01c4 00000000 	  .word  SPDIF_RX_IRQHandler               /* SPDIF_RX                                       */
 156              	                                                                                             
 157              	                                                                                             
 158              	 /* ------------------------------------------------------------- */                         
 159              	                                                                                             
 160              	  .section .init, "ax"                                                                       
 161              	  .syntax unified                                                                            
 162              	  .cpu cortex-m7
 163              	  .fpu softvfp
 164              	  .thumb
 165              	
 166              	  .thumb_func
 167              	  .global  Reset_Handler
 168              	  .extern  SystemInit
 169              	
 170              	Reset_Handler:
 171              	
ARM GAS  c:/Yuri/Projects/tnkernel_3/examples/CortexM0_M7/CortexM7/GCC/../../../../common_cortex\src/tn_stm32f746_Startup_gcc.s 			page 4


 172              	 .extern     __bss_start
 173              	 .extern     __bss_end__
 174              	
 175              	     /* ----- Clear BSS (zero init) */
 176              	
 177 0000 0020     	        movs   r0,#0
 178 0002 4149     	        ldr    r1,=__bss_start
 179 0004 414A     	        ldr    r2,=__bss_end__
 180 0006 9142     	2:      cmp    r1,r2
 181 0008 3CBF     	        itt    lo
 182 000a 41F8040B 	        strlo  r0, [r1],#4
 183 000e FAE7     	        blo    2b
 184              	
 185              	    /*---- Copy Initialized data from FLASH to RAM */
 186              	
 187              	 .extern  _etext
 188              	 .extern  _data
 189              	 .extern  _edata
 190              	
 191 0010 3F49     	        ldr    r1,=_etext
 192 0012 404A     	        ldr    r2,=_data
 193 0014 404B     	        ldr    r3,=_edata
 194 0016 9A42     	1:      cmp    r2,r3
 195 0018 3EBF     	        ittt   lo
 196 001a 51F8040B 	        ldrlo  r0,[r1],#4
 197 001e 42F8040B 	        strlo  r0,[r2],#4
 198 0022 F8E7     	        blo    1b
 199              	
 200              	   /* ---- */
 201              	
 202              	        .extern   main
 203              	
 204 0024 FFF7FEFF 	        bl     SystemInit
 205              	
 206 0028 0020     	        movs   r0, #0
 207 002a 0146     	        mov    r1, r0
 208 002c FFF7FEFF 	        bl     main
 209 0030 FEE7     	        b      .
 210              	
 211              	/* ------------------------------------------------------------------------- */
 212              	
 213              	.macro def_int_vector name=
 214              	  .thumb_func
 215              	  .weak \name
 216              	\name:
 217              	  b .
 218              	.endm
 219              	
 220              	def_int_vector  NMI_Handler
 220              	>  .thumb_func
 220              	>  .weak NMI_Handler
 220              	> NMI_Handler:
 220 0032 FEE7     	>  b .
 221              	def_int_vector  HardFault_Handler
 221              	>  .thumb_func
 221              	>  .weak HardFault_Handler
 221              	> HardFault_Handler:
ARM GAS  c:/Yuri/Projects/tnkernel_3/examples/CortexM0_M7/CortexM7/GCC/../../../../common_cortex\src/tn_stm32f746_Startup_gcc.s 			page 5


 221 0034 FEE7     	>  b .
 222              	def_int_vector  MemManage_Handler
 222              	>  .thumb_func
 222              	>  .weak MemManage_Handler
 222              	> MemManage_Handler:
 222 0036 FEE7     	>  b .
 223              	def_int_vector  BusFault_Handler
 223              	>  .thumb_func
 223              	>  .weak BusFault_Handler
 223              	> BusFault_Handler:
 223 0038 FEE7     	>  b .
 224              	def_int_vector  UsageFault_Handler
 224              	>  .thumb_func
 224              	>  .weak UsageFault_Handler
 224              	> UsageFault_Handler:
 224 003a FEE7     	>  b .
 225              	def_int_vector  SVC_Handler
 225              	>  .thumb_func
 225              	>  .weak SVC_Handler
 225              	> SVC_Handler:
 225 003c FEE7     	>  b .
 226              	def_int_vector  DebugMon_Handler
 226              	>  .thumb_func
 226              	>  .weak DebugMon_Handler
 226              	> DebugMon_Handler:
 226 003e FEE7     	>  b .
 227              	def_int_vector  PendSV_Handler
 227              	>  .thumb_func
 227              	>  .weak PendSV_Handler
 227              	> PendSV_Handler:
 227 0040 FEE7     	>  b .
 228              	def_int_vector  SysTick_Handler
 228              	>  .thumb_func
 228              	>  .weak SysTick_Handler
 228              	> SysTick_Handler:
 228 0042 FEE7     	>  b .
 229              	
 230              	def_int_vector  WWDG_IRQHandler
 230              	>  .thumb_func
 230              	>  .weak WWDG_IRQHandler
 230              	> WWDG_IRQHandler:
 230 0044 FEE7     	>  b .
 231              	def_int_vector  PVD_IRQHandler
 231              	>  .thumb_func
 231              	>  .weak PVD_IRQHandler
 231              	> PVD_IRQHandler:
 231 0046 FEE7     	>  b .
 232              	def_int_vector  TAMP_STAMP_IRQHandler
 232              	>  .thumb_func
 232              	>  .weak TAMP_STAMP_IRQHandler
 232              	> TAMP_STAMP_IRQHandler:
 232 0048 FEE7     	>  b .
 233              	def_int_vector  RTC_WKUP_IRQHandler
 233              	>  .thumb_func
 233              	>  .weak RTC_WKUP_IRQHandler
 233              	> RTC_WKUP_IRQHandler:
 233 004a FEE7     	>  b .
ARM GAS  c:/Yuri/Projects/tnkernel_3/examples/CortexM0_M7/CortexM7/GCC/../../../../common_cortex\src/tn_stm32f746_Startup_gcc.s 			page 6


 234              	def_int_vector  FLASH_IRQHandler
 234              	>  .thumb_func
 234              	>  .weak FLASH_IRQHandler
 234              	> FLASH_IRQHandler:
 234 004c FEE7     	>  b .
 235              	def_int_vector  RCC_IRQHandler
 235              	>  .thumb_func
 235              	>  .weak RCC_IRQHandler
 235              	> RCC_IRQHandler:
 235 004e FEE7     	>  b .
 236              	def_int_vector  EXTI0_IRQHandler
 236              	>  .thumb_func
 236              	>  .weak EXTI0_IRQHandler
 236              	> EXTI0_IRQHandler:
 236 0050 FEE7     	>  b .
 237              	def_int_vector  EXTI1_IRQHandler
 237              	>  .thumb_func
 237              	>  .weak EXTI1_IRQHandler
 237              	> EXTI1_IRQHandler:
 237 0052 FEE7     	>  b .
 238              	def_int_vector  EXTI2_IRQHandler
 238              	>  .thumb_func
 238              	>  .weak EXTI2_IRQHandler
 238              	> EXTI2_IRQHandler:
 238 0054 FEE7     	>  b .
 239              	def_int_vector  EXTI3_IRQHandler
 239              	>  .thumb_func
 239              	>  .weak EXTI3_IRQHandler
 239              	> EXTI3_IRQHandler:
 239 0056 FEE7     	>  b .
 240              	def_int_vector  EXTI4_IRQHandler
 240              	>  .thumb_func
 240              	>  .weak EXTI4_IRQHandler
 240              	> EXTI4_IRQHandler:
 240 0058 FEE7     	>  b .
 241              	def_int_vector  DMA1_Stream0_IRQHandler
 241              	>  .thumb_func
 241              	>  .weak DMA1_Stream0_IRQHandler
 241              	> DMA1_Stream0_IRQHandler:
 241 005a FEE7     	>  b .
 242              	def_int_vector  DMA1_Stream1_IRQHandler
 242              	>  .thumb_func
 242              	>  .weak DMA1_Stream1_IRQHandler
 242              	> DMA1_Stream1_IRQHandler:
 242 005c FEE7     	>  b .
 243              	def_int_vector  DMA1_Stream2_IRQHandler
 243              	>  .thumb_func
 243              	>  .weak DMA1_Stream2_IRQHandler
 243              	> DMA1_Stream2_IRQHandler:
 243 005e FEE7     	>  b .
 244              	def_int_vector  DMA1_Stream3_IRQHandler
 244              	>  .thumb_func
 244              	>  .weak DMA1_Stream3_IRQHandler
 244              	> DMA1_Stream3_IRQHandler:
 244 0060 FEE7     	>  b .
 245              	def_int_vector  DMA1_Stream4_IRQHandler
 245              	>  .thumb_func
ARM GAS  c:/Yuri/Projects/tnkernel_3/examples/CortexM0_M7/CortexM7/GCC/../../../../common_cortex\src/tn_stm32f746_Startup_gcc.s 			page 7


 245              	>  .weak DMA1_Stream4_IRQHandler
 245              	> DMA1_Stream4_IRQHandler:
 245 0062 FEE7     	>  b .
 246              	def_int_vector  DMA1_Stream5_IRQHandler
 246              	>  .thumb_func
 246              	>  .weak DMA1_Stream5_IRQHandler
 246              	> DMA1_Stream5_IRQHandler:
 246 0064 FEE7     	>  b .
 247              	def_int_vector  DMA1_Stream6_IRQHandler
 247              	>  .thumb_func
 247              	>  .weak DMA1_Stream6_IRQHandler
 247              	> DMA1_Stream6_IRQHandler:
 247 0066 FEE7     	>  b .
 248              	def_int_vector  ADC_IRQHandler         
 248              	>  .thumb_func
 248              	>  .weak ADC_IRQHandler
 248              	> ADC_IRQHandler:
 248 0068 FEE7     	>  b .
 249              	def_int_vector  CAN1_TX_IRQHandler          
 249              	>  .thumb_func
 249              	>  .weak CAN1_TX_IRQHandler
 249              	> CAN1_TX_IRQHandler:
 249 006a FEE7     	>  b .
 250              	def_int_vector  CAN1_RX0_IRQHandler         
 250              	>  .thumb_func
 250              	>  .weak CAN1_RX0_IRQHandler
 250              	> CAN1_RX0_IRQHandler:
 250 006c FEE7     	>  b .
 251              	def_int_vector  CAN1_RX1_IRQHandler         
 251              	>  .thumb_func
 251              	>  .weak CAN1_RX1_IRQHandler
 251              	> CAN1_RX1_IRQHandler:
 251 006e FEE7     	>  b .
 252              	def_int_vector  CAN1_SCE_IRQHandler         
 252              	>  .thumb_func
 252              	>  .weak CAN1_SCE_IRQHandler
 252              	> CAN1_SCE_IRQHandler:
 252 0070 FEE7     	>  b .
 253              	def_int_vector  EXTI9_5_IRQHandler          
 253              	>  .thumb_func
 253              	>  .weak EXTI9_5_IRQHandler
 253              	> EXTI9_5_IRQHandler:
 253 0072 FEE7     	>  b .
 254              	def_int_vector  TIM1_BRK_TIM9_IRQHandler
 254              	>  .thumb_func
 254              	>  .weak TIM1_BRK_TIM9_IRQHandler
 254              	> TIM1_BRK_TIM9_IRQHandler:
 254 0074 FEE7     	>  b .
 255              	def_int_vector  TIM1_UP_TIM10_IRQHandler     
 255              	>  .thumb_func
 255              	>  .weak TIM1_UP_TIM10_IRQHandler
 255              	> TIM1_UP_TIM10_IRQHandler:
 255 0076 FEE7     	>  b .
 256              	def_int_vector  TIM1_TRG_COM_TIM11_IRQHandler
 256              	>  .thumb_func
 256              	>  .weak TIM1_TRG_COM_TIM11_IRQHandler
 256              	> TIM1_TRG_COM_TIM11_IRQHandler:
ARM GAS  c:/Yuri/Projects/tnkernel_3/examples/CortexM0_M7/CortexM7/GCC/../../../../common_cortex\src/tn_stm32f746_Startup_gcc.s 			page 8


 256 0078 FEE7     	>  b .
 257              	def_int_vector  TIM1_CC_IRQHandler                  
 257              	>  .thumb_func
 257              	>  .weak TIM1_CC_IRQHandler
 257              	> TIM1_CC_IRQHandler:
 257 007a FEE7     	>  b .
 258              	def_int_vector  TIM2_IRQHandler              
 258              	>  .thumb_func
 258              	>  .weak TIM2_IRQHandler
 258              	> TIM2_IRQHandler:
 258 007c FEE7     	>  b .
 259              	def_int_vector  TIM3_IRQHandler              
 259              	>  .thumb_func
 259              	>  .weak TIM3_IRQHandler
 259              	> TIM3_IRQHandler:
 259 007e FEE7     	>  b .
 260              	def_int_vector  TIM4_IRQHandler              
 260              	>  .thumb_func
 260              	>  .weak TIM4_IRQHandler
 260              	> TIM4_IRQHandler:
 260 0080 FEE7     	>  b .
 261              	def_int_vector  I2C1_EV_IRQHandler                  
 261              	>  .thumb_func
 261              	>  .weak I2C1_EV_IRQHandler
 261              	> I2C1_EV_IRQHandler:
 261 0082 FEE7     	>  b .
 262              	def_int_vector  I2C1_ER_IRQHandler                  
 262              	>  .thumb_func
 262              	>  .weak I2C1_ER_IRQHandler
 262              	> I2C1_ER_IRQHandler:
 262 0084 FEE7     	>  b .
 263              	def_int_vector  I2C2_EV_IRQHandler                  
 263              	>  .thumb_func
 263              	>  .weak I2C2_EV_IRQHandler
 263              	> I2C2_EV_IRQHandler:
 263 0086 FEE7     	>  b .
 264              	def_int_vector  I2C2_ER_IRQHandler                    
 264              	>  .thumb_func
 264              	>  .weak I2C2_ER_IRQHandler
 264              	> I2C2_ER_IRQHandler:
 264 0088 FEE7     	>  b .
 265              	def_int_vector  SPI1_IRQHandler              
 265              	>  .thumb_func
 265              	>  .weak SPI1_IRQHandler
 265              	> SPI1_IRQHandler:
 265 008a FEE7     	>  b .
 266              	def_int_vector  SPI2_IRQHandler              
 266              	>  .thumb_func
 266              	>  .weak SPI2_IRQHandler
 266              	> SPI2_IRQHandler:
 266 008c FEE7     	>  b .
 267              	def_int_vector  USART1_IRQHandler            
 267              	>  .thumb_func
 267              	>  .weak USART1_IRQHandler
 267              	> USART1_IRQHandler:
 267 008e FEE7     	>  b .
 268              	def_int_vector  USART2_IRQHandler            
ARM GAS  c:/Yuri/Projects/tnkernel_3/examples/CortexM0_M7/CortexM7/GCC/../../../../common_cortex\src/tn_stm32f746_Startup_gcc.s 			page 9


 268              	>  .thumb_func
 268              	>  .weak USART2_IRQHandler
 268              	> USART2_IRQHandler:
 268 0090 FEE7     	>  b .
 269              	def_int_vector  USART3_IRQHandler            
 269              	>  .thumb_func
 269              	>  .weak USART3_IRQHandler
 269              	> USART3_IRQHandler:
 269 0092 FEE7     	>  b .
 270              	def_int_vector  EXTI15_10_IRQHandler                
 270              	>  .thumb_func
 270              	>  .weak EXTI15_10_IRQHandler
 270              	> EXTI15_10_IRQHandler:
 270 0094 FEE7     	>  b .
 271              	def_int_vector  RTC_Alarm_IRQHandler                
 271              	>  .thumb_func
 271              	>  .weak RTC_Alarm_IRQHandler
 271              	> RTC_Alarm_IRQHandler:
 271 0096 FEE7     	>  b .
 272              	def_int_vector  OTG_FS_WKUP_IRQHandler                  
 272              	>  .thumb_func
 272              	>  .weak OTG_FS_WKUP_IRQHandler
 272              	> OTG_FS_WKUP_IRQHandler:
 272 0098 FEE7     	>  b .
 273              	def_int_vector  TIM8_BRK_TIM12_IRQHandler    
 273              	>  .thumb_func
 273              	>  .weak TIM8_BRK_TIM12_IRQHandler
 273              	> TIM8_BRK_TIM12_IRQHandler:
 273 009a FEE7     	>  b .
 274              	def_int_vector  TIM8_UP_TIM13_IRQHandler     
 274              	>  .thumb_func
 274              	>  .weak TIM8_UP_TIM13_IRQHandler
 274              	> TIM8_UP_TIM13_IRQHandler:
 274 009c FEE7     	>  b .
 275              	def_int_vector  TIM8_TRG_COM_TIM14_IRQHandler
 275              	>  .thumb_func
 275              	>  .weak TIM8_TRG_COM_TIM14_IRQHandler
 275              	> TIM8_TRG_COM_TIM14_IRQHandler:
 275 009e FEE7     	>  b .
 276              	def_int_vector  TIM8_CC_IRQHandler                  
 276              	>  .thumb_func
 276              	>  .weak TIM8_CC_IRQHandler
 276              	> TIM8_CC_IRQHandler:
 276 00a0 FEE7     	>  b .
 277              	def_int_vector  DMA1_Stream7_IRQHandler             
 277              	>  .thumb_func
 277              	>  .weak DMA1_Stream7_IRQHandler
 277              	> DMA1_Stream7_IRQHandler:
 277 00a2 FEE7     	>  b .
 278              	def_int_vector  FMC_IRQHandler               
 278              	>  .thumb_func
 278              	>  .weak FMC_IRQHandler
 278              	> FMC_IRQHandler:
 278 00a4 FEE7     	>  b .
 279              	def_int_vector  SDMMC1_IRQHandler               
 279              	>  .thumb_func
 279              	>  .weak SDMMC1_IRQHandler
ARM GAS  c:/Yuri/Projects/tnkernel_3/examples/CortexM0_M7/CortexM7/GCC/../../../../common_cortex\src/tn_stm32f746_Startup_gcc.s 			page 10


 279              	> SDMMC1_IRQHandler:
 279 00a6 FEE7     	>  b .
 280              	def_int_vector  TIM5_IRQHandler              
 280              	>  .thumb_func
 280              	>  .weak TIM5_IRQHandler
 280              	> TIM5_IRQHandler:
 280 00a8 FEE7     	>  b .
 281              	def_int_vector  SPI3_IRQHandler              
 281              	>  .thumb_func
 281              	>  .weak SPI3_IRQHandler
 281              	> SPI3_IRQHandler:
 281 00aa FEE7     	>  b .
 282              	def_int_vector  UART4_IRQHandler             
 282              	>  .thumb_func
 282              	>  .weak UART4_IRQHandler
 282              	> UART4_IRQHandler:
 282 00ac FEE7     	>  b .
 283              	def_int_vector  UART5_IRQHandler             
 283              	>  .thumb_func
 283              	>  .weak UART5_IRQHandler
 283              	> UART5_IRQHandler:
 283 00ae FEE7     	>  b .
 284              	def_int_vector  TIM6_DAC_IRQHandler            
 284              	>  .thumb_func
 284              	>  .weak TIM6_DAC_IRQHandler
 284              	> TIM6_DAC_IRQHandler:
 284 00b0 FEE7     	>  b .
 285              	def_int_vector  TIM7_IRQHandler              
 285              	>  .thumb_func
 285              	>  .weak TIM7_IRQHandler
 285              	> TIM7_IRQHandler:
 285 00b2 FEE7     	>  b .
 286              	def_int_vector  DMA2_Stream0_IRQHandler      
 286              	>  .thumb_func
 286              	>  .weak DMA2_Stream0_IRQHandler
 286              	> DMA2_Stream0_IRQHandler:
 286 00b4 FEE7     	>  b .
 287              	def_int_vector  DMA2_Stream1_IRQHandler      
 287              	>  .thumb_func
 287              	>  .weak DMA2_Stream1_IRQHandler
 287              	> DMA2_Stream1_IRQHandler:
 287 00b6 FEE7     	>  b .
 288              	def_int_vector  DMA2_Stream2_IRQHandler      
 288              	>  .thumb_func
 288              	>  .weak DMA2_Stream2_IRQHandler
 288              	> DMA2_Stream2_IRQHandler:
 288 00b8 FEE7     	>  b .
 289              	def_int_vector  DMA2_Stream3_IRQHandler      
 289              	>  .thumb_func
 289              	>  .weak DMA2_Stream3_IRQHandler
 289              	> DMA2_Stream3_IRQHandler:
 289 00ba FEE7     	>  b .
 290              	def_int_vector  DMA2_Stream4_IRQHandler      
 290              	>  .thumb_func
 290              	>  .weak DMA2_Stream4_IRQHandler
 290              	> DMA2_Stream4_IRQHandler:
 290 00bc FEE7     	>  b .
ARM GAS  c:/Yuri/Projects/tnkernel_3/examples/CortexM0_M7/CortexM7/GCC/../../../../common_cortex\src/tn_stm32f746_Startup_gcc.s 			page 11


 291              	def_int_vector  ETH_IRQHandler               
 291              	>  .thumb_func
 291              	>  .weak ETH_IRQHandler
 291              	> ETH_IRQHandler:
 291 00be FEE7     	>  b .
 292              	def_int_vector  ETH_WKUP_IRQHandler                 
 292              	>  .thumb_func
 292              	>  .weak ETH_WKUP_IRQHandler
 292              	> ETH_WKUP_IRQHandler:
 292 00c0 FEE7     	>  b .
 293              	def_int_vector  CAN2_TX_IRQHandler                  
 293              	>  .thumb_func
 293              	>  .weak CAN2_TX_IRQHandler
 293              	> CAN2_TX_IRQHandler:
 293 00c2 FEE7     	>  b .
 294              	def_int_vector  CAN2_RX0_IRQHandler                 
 294              	>  .thumb_func
 294              	>  .weak CAN2_RX0_IRQHandler
 294              	> CAN2_RX0_IRQHandler:
 294 00c4 FEE7     	>  b .
 295              	def_int_vector  CAN2_RX1_IRQHandler                 
 295              	>  .thumb_func
 295              	>  .weak CAN2_RX1_IRQHandler
 295              	> CAN2_RX1_IRQHandler:
 295 00c6 FEE7     	>  b .
 296              	def_int_vector  CAN2_SCE_IRQHandler                 
 296              	>  .thumb_func
 296              	>  .weak CAN2_SCE_IRQHandler
 296              	> CAN2_SCE_IRQHandler:
 296 00c8 FEE7     	>  b .
 297              	def_int_vector  OTG_FS_IRQHandler            
 297              	>  .thumb_func
 297              	>  .weak OTG_FS_IRQHandler
 297              	> OTG_FS_IRQHandler:
 297 00ca FEE7     	>  b .
 298              	def_int_vector  DMA2_Stream5_IRQHandler      
 298              	>  .thumb_func
 298              	>  .weak DMA2_Stream5_IRQHandler
 298              	> DMA2_Stream5_IRQHandler:
 298 00cc FEE7     	>  b .
 299              	def_int_vector  DMA2_Stream6_IRQHandler      
 299              	>  .thumb_func
 299              	>  .weak DMA2_Stream6_IRQHandler
 299              	> DMA2_Stream6_IRQHandler:
 299 00ce FEE7     	>  b .
 300              	def_int_vector  DMA2_Stream7_IRQHandler      
 300              	>  .thumb_func
 300              	>  .weak DMA2_Stream7_IRQHandler
 300              	> DMA2_Stream7_IRQHandler:
 300 00d0 FEE7     	>  b .
 301              	def_int_vector  USART6_IRQHandler             
 301              	>  .thumb_func
 301              	>  .weak USART6_IRQHandler
 301              	> USART6_IRQHandler:
 301 00d2 FEE7     	>  b .
 302              	def_int_vector  I2C3_EV_IRQHandler                  
 302              	>  .thumb_func
ARM GAS  c:/Yuri/Projects/tnkernel_3/examples/CortexM0_M7/CortexM7/GCC/../../../../common_cortex\src/tn_stm32f746_Startup_gcc.s 			page 12


 302              	>  .weak I2C3_EV_IRQHandler
 302              	> I2C3_EV_IRQHandler:
 302 00d4 FEE7     	>  b .
 303              	def_int_vector  I2C3_ER_IRQHandler                  
 303              	>  .thumb_func
 303              	>  .weak I2C3_ER_IRQHandler
 303              	> I2C3_ER_IRQHandler:
 303 00d6 FEE7     	>  b .
 304              	def_int_vector  OTG_HS_EP1_OUT_IRQHandler    
 304              	>  .thumb_func
 304              	>  .weak OTG_HS_EP1_OUT_IRQHandler
 304              	> OTG_HS_EP1_OUT_IRQHandler:
 304 00d8 FEE7     	>  b .
 305              	def_int_vector  OTG_HS_EP1_IN_IRQHandler     
 305              	>  .thumb_func
 305              	>  .weak OTG_HS_EP1_IN_IRQHandler
 305              	> OTG_HS_EP1_IN_IRQHandler:
 305 00da FEE7     	>  b .
 306              	def_int_vector  OTG_HS_WKUP_IRQHandler              
 306              	>  .thumb_func
 306              	>  .weak OTG_HS_WKUP_IRQHandler
 306              	> OTG_HS_WKUP_IRQHandler:
 306 00dc FEE7     	>  b .
 307              	def_int_vector  OTG_HS_IRQHandler            
 307              	>  .thumb_func
 307              	>  .weak OTG_HS_IRQHandler
 307              	> OTG_HS_IRQHandler:
 307 00de FEE7     	>  b .
 308              	def_int_vector  DCMI_IRQHandler              
 308              	>  .thumb_func
 308              	>  .weak DCMI_IRQHandler
 308              	> DCMI_IRQHandler:
 308 00e0 FEE7     	>  b .
 309              	def_int_vector  RNG_IRQHandler               
 309              	>  .thumb_func
 309              	>  .weak RNG_IRQHandler
 309              	> RNG_IRQHandler:
 309 00e2 FEE7     	>  b .
 310              	def_int_vector  FPU_IRQHandler               
 310              	>  .thumb_func
 310              	>  .weak FPU_IRQHandler
 310              	> FPU_IRQHandler:
 310 00e4 FEE7     	>  b .
 311              	def_int_vector  UART7_IRQHandler             
 311              	>  .thumb_func
 311              	>  .weak UART7_IRQHandler
 311              	> UART7_IRQHandler:
 311 00e6 FEE7     	>  b .
 312              	def_int_vector  UART8_IRQHandler             
 312              	>  .thumb_func
 312              	>  .weak UART8_IRQHandler
 312              	> UART8_IRQHandler:
 312 00e8 FEE7     	>  b .
 313              	def_int_vector  SPI4_IRQHandler              
 313              	>  .thumb_func
 313              	>  .weak SPI4_IRQHandler
 313              	> SPI4_IRQHandler:
ARM GAS  c:/Yuri/Projects/tnkernel_3/examples/CortexM0_M7/CortexM7/GCC/../../../../common_cortex\src/tn_stm32f746_Startup_gcc.s 			page 13


 313 00ea FEE7     	>  b .
 314              	def_int_vector  SPI5_IRQHandler              
 314              	>  .thumb_func
 314              	>  .weak SPI5_IRQHandler
 314              	> SPI5_IRQHandler:
 314 00ec FEE7     	>  b .
 315              	def_int_vector  SPI6_IRQHandler              
 315              	>  .thumb_func
 315              	>  .weak SPI6_IRQHandler
 315              	> SPI6_IRQHandler:
 315 00ee FEE7     	>  b .
 316              	def_int_vector  SAI1_IRQHandler              
 316              	>  .thumb_func
 316              	>  .weak SAI1_IRQHandler
 316              	> SAI1_IRQHandler:
 316 00f0 FEE7     	>  b .
 317              	def_int_vector  LTDC_IRQHandler              
 317              	>  .thumb_func
 317              	>  .weak LTDC_IRQHandler
 317              	> LTDC_IRQHandler:
 317 00f2 FEE7     	>  b .
 318              	def_int_vector  LTDC_ER_IRQHandler           
 318              	>  .thumb_func
 318              	>  .weak LTDC_ER_IRQHandler
 318              	> LTDC_ER_IRQHandler:
 318 00f4 FEE7     	>  b .
 319              	def_int_vector  DMA2D_IRQHandler             
 319              	>  .thumb_func
 319              	>  .weak DMA2D_IRQHandler
 319              	> DMA2D_IRQHandler:
 319 00f6 FEE7     	>  b .
 320              	def_int_vector  SAI2_IRQHandler              
 320              	>  .thumb_func
 320              	>  .weak SAI2_IRQHandler
 320              	> SAI2_IRQHandler:
 320 00f8 FEE7     	>  b .
 321              	def_int_vector  QUADSPI_IRQHandler           
 321              	>  .thumb_func
 321              	>  .weak QUADSPI_IRQHandler
 321              	> QUADSPI_IRQHandler:
 321 00fa FEE7     	>  b .
 322              	def_int_vector  LPTIM1_IRQHandler            
 322              	>  .thumb_func
 322              	>  .weak LPTIM1_IRQHandler
 322              	> LPTIM1_IRQHandler:
 322 00fc FEE7     	>  b .
 323              	def_int_vector  CEC_IRQHandler               
 323              	>  .thumb_func
 323              	>  .weak CEC_IRQHandler
 323              	> CEC_IRQHandler:
 323 00fe FEE7     	>  b .
 324              	def_int_vector  I2C4_EV_IRQHandler                  
 324              	>  .thumb_func
 324              	>  .weak I2C4_EV_IRQHandler
 324              	> I2C4_EV_IRQHandler:
 324 0100 FEE7     	>  b .
 325              	def_int_vector  I2C4_ER_IRQHandler           
ARM GAS  c:/Yuri/Projects/tnkernel_3/examples/CortexM0_M7/CortexM7/GCC/../../../../common_cortex\src/tn_stm32f746_Startup_gcc.s 			page 14


 325              	>  .thumb_func
 325              	>  .weak I2C4_ER_IRQHandler
 325              	> I2C4_ER_IRQHandler:
 325 0102 FEE7     	>  b .
 326              	def_int_vector  SPDIF_RX_IRQHandler          
 326              	>  .thumb_func
 326              	>  .weak SPDIF_RX_IRQHandler
 326              	> SPDIF_RX_IRQHandler:
 326 0104 FEE7     	>  b .
 327              	
 328              	/* -------------------------------------------------------------------------- */
 329 0106 00000000 	
 329      00000000 
 329      00000000 
 329      00000000 
 329      00000000 
ARM GAS  c:/Yuri/Projects/tnkernel_3/examples/CortexM0_M7/CortexM7/GCC/../../../../common_cortex\src/tn_stm32f746_Startup_gcc.s 			page 15


DEFINED SYMBOLS
c:/Yuri/Projects/tnkernel_3/examples/CortexM0_M7/CortexM7/GCC/../../../../common_cortex\src/tn_stm32f746_Startup_gcc.s:37     .vectors:00000000 _vectors
c:/Yuri/Projects/tnkernel_3/examples/CortexM0_M7/CortexM7/GCC/../../../../common_cortex\src/tn_stm32f746_Startup_gcc.s:39     .vectors:00000000 $d
c:/Yuri/Projects/tnkernel_3/examples/CortexM0_M7/CortexM7/GCC/../../../../common_cortex\src/tn_stm32f746_Startup_gcc.s:170    .init:00000000 Reset_Handler
c:/Yuri/Projects/tnkernel_3/examples/CortexM0_M7/CortexM7/GCC/../../../../common_cortex\src/tn_stm32f746_Startup_gcc.s:220    .init:00000032 NMI_Handler
c:/Yuri/Projects/tnkernel_3/examples/CortexM0_M7/CortexM7/GCC/../../../../common_cortex\src/tn_stm32f746_Startup_gcc.s:221    .init:00000034 HardFault_Handler
c:/Yuri/Projects/tnkernel_3/examples/CortexM0_M7/CortexM7/GCC/../../../../common_cortex\src/tn_stm32f746_Startup_gcc.s:222    .init:00000036 MemManage_Handler
c:/Yuri/Projects/tnkernel_3/examples/CortexM0_M7/CortexM7/GCC/../../../../common_cortex\src/tn_stm32f746_Startup_gcc.s:223    .init:00000038 BusFault_Handler
c:/Yuri/Projects/tnkernel_3/examples/CortexM0_M7/CortexM7/GCC/../../../../common_cortex\src/tn_stm32f746_Startup_gcc.s:224    .init:0000003a UsageFault_Handler
c:/Yuri/Projects/tnkernel_3/examples/CortexM0_M7/CortexM7/GCC/../../../../common_cortex\src/tn_stm32f746_Startup_gcc.s:225    .init:0000003c SVC_Handler
c:/Yuri/Projects/tnkernel_3/examples/CortexM0_M7/CortexM7/GCC/../../../../common_cortex\src/tn_stm32f746_Startup_gcc.s:226    .init:0000003e DebugMon_Handler
c:/Yuri/Projects/tnkernel_3/examples/CortexM0_M7/CortexM7/GCC/../../../../common_cortex\src/tn_stm32f746_Startup_gcc.s:227    .init:00000040 PendSV_Handler
c:/Yuri/Projects/tnkernel_3/examples/CortexM0_M7/CortexM7/GCC/../../../../common_cortex\src/tn_stm32f746_Startup_gcc.s:228    .init:00000042 SysTick_Handler
c:/Yuri/Projects/tnkernel_3/examples/CortexM0_M7/CortexM7/GCC/../../../../common_cortex\src/tn_stm32f746_Startup_gcc.s:230    .init:00000044 WWDG_IRQHandler
c:/Yuri/Projects/tnkernel_3/examples/CortexM0_M7/CortexM7/GCC/../../../../common_cortex\src/tn_stm32f746_Startup_gcc.s:231    .init:00000046 PVD_IRQHandler
c:/Yuri/Projects/tnkernel_3/examples/CortexM0_M7/CortexM7/GCC/../../../../common_cortex\src/tn_stm32f746_Startup_gcc.s:232    .init:00000048 TAMP_STAMP_IRQHandler
c:/Yuri/Projects/tnkernel_3/examples/CortexM0_M7/CortexM7/GCC/../../../../common_cortex\src/tn_stm32f746_Startup_gcc.s:233    .init:0000004a RTC_WKUP_IRQHandler
c:/Yuri/Projects/tnkernel_3/examples/CortexM0_M7/CortexM7/GCC/../../../../common_cortex\src/tn_stm32f746_Startup_gcc.s:234    .init:0000004c FLASH_IRQHandler
c:/Yuri/Projects/tnkernel_3/examples/CortexM0_M7/CortexM7/GCC/../../../../common_cortex\src/tn_stm32f746_Startup_gcc.s:235    .init:0000004e RCC_IRQHandler
c:/Yuri/Projects/tnkernel_3/examples/CortexM0_M7/CortexM7/GCC/../../../../common_cortex\src/tn_stm32f746_Startup_gcc.s:236    .init:00000050 EXTI0_IRQHandler
c:/Yuri/Projects/tnkernel_3/examples/CortexM0_M7/CortexM7/GCC/../../../../common_cortex\src/tn_stm32f746_Startup_gcc.s:237    .init:00000052 EXTI1_IRQHandler
c:/Yuri/Projects/tnkernel_3/examples/CortexM0_M7/CortexM7/GCC/../../../../common_cortex\src/tn_stm32f746_Startup_gcc.s:238    .init:00000054 EXTI2_IRQHandler
c:/Yuri/Projects/tnkernel_3/examples/CortexM0_M7/CortexM7/GCC/../../../../common_cortex\src/tn_stm32f746_Startup_gcc.s:239    .init:00000056 EXTI3_IRQHandler
c:/Yuri/Projects/tnkernel_3/examples/CortexM0_M7/CortexM7/GCC/../../../../common_cortex\src/tn_stm32f746_Startup_gcc.s:240    .init:00000058 EXTI4_IRQHandler
c:/Yuri/Projects/tnkernel_3/examples/CortexM0_M7/CortexM7/GCC/../../../../common_cortex\src/tn_stm32f746_Startup_gcc.s:241    .init:0000005a DMA1_Stream0_IRQHandler
c:/Yuri/Projects/tnkernel_3/examples/CortexM0_M7/CortexM7/GCC/../../../../common_cortex\src/tn_stm32f746_Startup_gcc.s:242    .init:0000005c DMA1_Stream1_IRQHandler
c:/Yuri/Projects/tnkernel_3/examples/CortexM0_M7/CortexM7/GCC/../../../../common_cortex\src/tn_stm32f746_Startup_gcc.s:243    .init:0000005e DMA1_Stream2_IRQHandler
c:/Yuri/Projects/tnkernel_3/examples/CortexM0_M7/CortexM7/GCC/../../../../common_cortex\src/tn_stm32f746_Startup_gcc.s:244    .init:00000060 DMA1_Stream3_IRQHandler
c:/Yuri/Projects/tnkernel_3/examples/CortexM0_M7/CortexM7/GCC/../../../../common_cortex\src/tn_stm32f746_Startup_gcc.s:245    .init:00000062 DMA1_Stream4_IRQHandler
c:/Yuri/Projects/tnkernel_3/examples/CortexM0_M7/CortexM7/GCC/../../../../common_cortex\src/tn_stm32f746_Startup_gcc.s:246    .init:00000064 DMA1_Stream5_IRQHandler
c:/Yuri/Projects/tnkernel_3/examples/CortexM0_M7/CortexM7/GCC/../../../../common_cortex\src/tn_stm32f746_Startup_gcc.s:247    .init:00000066 DMA1_Stream6_IRQHandler
c:/Yuri/Projects/tnkernel_3/examples/CortexM0_M7/CortexM7/GCC/../../../../common_cortex\src/tn_stm32f746_Startup_gcc.s:248    .init:00000068 ADC_IRQHandler
c:/Yuri/Projects/tnkernel_3/examples/CortexM0_M7/CortexM7/GCC/../../../../common_cortex\src/tn_stm32f746_Startup_gcc.s:249    .init:0000006a CAN1_TX_IRQHandler
c:/Yuri/Projects/tnkernel_3/examples/CortexM0_M7/CortexM7/GCC/../../../../common_cortex\src/tn_stm32f746_Startup_gcc.s:250    .init:0000006c CAN1_RX0_IRQHandler
c:/Yuri/Projects/tnkernel_3/examples/CortexM0_M7/CortexM7/GCC/../../../../common_cortex\src/tn_stm32f746_Startup_gcc.s:251    .init:0000006e CAN1_RX1_IRQHandler
c:/Yuri/Projects/tnkernel_3/examples/CortexM0_M7/CortexM7/GCC/../../../../common_cortex\src/tn_stm32f746_Startup_gcc.s:252    .init:00000070 CAN1_SCE_IRQHandler
c:/Yuri/Projects/tnkernel_3/examples/CortexM0_M7/CortexM7/GCC/../../../../common_cortex\src/tn_stm32f746_Startup_gcc.s:253    .init:00000072 EXTI9_5_IRQHandler
c:/Yuri/Projects/tnkernel_3/examples/CortexM0_M7/CortexM7/GCC/../../../../common_cortex\src/tn_stm32f746_Startup_gcc.s:254    .init:00000074 TIM1_BRK_TIM9_IRQHandler
c:/Yuri/Projects/tnkernel_3/examples/CortexM0_M7/CortexM7/GCC/../../../../common_cortex\src/tn_stm32f746_Startup_gcc.s:255    .init:00000076 TIM1_UP_TIM10_IRQHandler
c:/Yuri/Projects/tnkernel_3/examples/CortexM0_M7/CortexM7/GCC/../../../../common_cortex\src/tn_stm32f746_Startup_gcc.s:256    .init:00000078 TIM1_TRG_COM_TIM11_IRQHandler
c:/Yuri/Projects/tnkernel_3/examples/CortexM0_M7/CortexM7/GCC/../../../../common_cortex\src/tn_stm32f746_Startup_gcc.s:257    .init:0000007a TIM1_CC_IRQHandler
c:/Yuri/Projects/tnkernel_3/examples/CortexM0_M7/CortexM7/GCC/../../../../common_cortex\src/tn_stm32f746_Startup_gcc.s:258    .init:0000007c TIM2_IRQHandler
c:/Yuri/Projects/tnkernel_3/examples/CortexM0_M7/CortexM7/GCC/../../../../common_cortex\src/tn_stm32f746_Startup_gcc.s:259    .init:0000007e TIM3_IRQHandler
c:/Yuri/Projects/tnkernel_3/examples/CortexM0_M7/CortexM7/GCC/../../../../common_cortex\src/tn_stm32f746_Startup_gcc.s:260    .init:00000080 TIM4_IRQHandler
c:/Yuri/Projects/tnkernel_3/examples/CortexM0_M7/CortexM7/GCC/../../../../common_cortex\src/tn_stm32f746_Startup_gcc.s:261    .init:00000082 I2C1_EV_IRQHandler
c:/Yuri/Projects/tnkernel_3/examples/CortexM0_M7/CortexM7/GCC/../../../../common_cortex\src/tn_stm32f746_Startup_gcc.s:262    .init:00000084 I2C1_ER_IRQHandler
c:/Yuri/Projects/tnkernel_3/examples/CortexM0_M7/CortexM7/GCC/../../../../common_cortex\src/tn_stm32f746_Startup_gcc.s:263    .init:00000086 I2C2_EV_IRQHandler
c:/Yuri/Projects/tnkernel_3/examples/CortexM0_M7/CortexM7/GCC/../../../../common_cortex\src/tn_stm32f746_Startup_gcc.s:264    .init:00000088 I2C2_ER_IRQHandler
c:/Yuri/Projects/tnkernel_3/examples/CortexM0_M7/CortexM7/GCC/../../../../common_cortex\src/tn_stm32f746_Startup_gcc.s:265    .init:0000008a SPI1_IRQHandler
c:/Yuri/Projects/tnkernel_3/examples/CortexM0_M7/CortexM7/GCC/../../../../common_cortex\src/tn_stm32f746_Startup_gcc.s:266    .init:0000008c SPI2_IRQHandler
c:/Yuri/Projects/tnkernel_3/examples/CortexM0_M7/CortexM7/GCC/../../../../common_cortex\src/tn_stm32f746_Startup_gcc.s:267    .init:0000008e USART1_IRQHandler
c:/Yuri/Projects/tnkernel_3/examples/CortexM0_M7/CortexM7/GCC/../../../../common_cortex\src/tn_stm32f746_Startup_gcc.s:268    .init:00000090 USART2_IRQHandler
c:/Yuri/Projects/tnkernel_3/examples/CortexM0_M7/CortexM7/GCC/../../../../common_cortex\src/tn_stm32f746_Startup_gcc.s:269    .init:00000092 USART3_IRQHandler
c:/Yuri/Projects/tnkernel_3/examples/CortexM0_M7/CortexM7/GCC/../../../../common_cortex\src/tn_stm32f746_Startup_gcc.s:270    .init:00000094 EXTI15_10_IRQHandler
c:/Yuri/Projects/tnkernel_3/examples/CortexM0_M7/CortexM7/GCC/../../../../common_cortex\src/tn_stm32f746_Startup_gcc.s:271    .init:00000096 RTC_Alarm_IRQHandler
c:/Yuri/Projects/tnkernel_3/examples/CortexM0_M7/CortexM7/GCC/../../../../common_cortex\src/tn_stm32f746_Startup_gcc.s:272    .init:00000098 OTG_FS_WKUP_IRQHandler
c:/Yuri/Projects/tnkernel_3/examples/CortexM0_M7/CortexM7/GCC/../../../../common_cortex\src/tn_stm32f746_Startup_gcc.s:273    .init:0000009a TIM8_BRK_TIM12_IRQHandler
ARM GAS  c:/Yuri/Projects/tnkernel_3/examples/CortexM0_M7/CortexM7/GCC/../../../../common_cortex\src/tn_stm32f746_Startup_gcc.s 			page 16


c:/Yuri/Projects/tnkernel_3/examples/CortexM0_M7/CortexM7/GCC/../../../../common_cortex\src/tn_stm32f746_Startup_gcc.s:274    .init:0000009c TIM8_UP_TIM13_IRQHandler
c:/Yuri/Projects/tnkernel_3/examples/CortexM0_M7/CortexM7/GCC/../../../../common_cortex\src/tn_stm32f746_Startup_gcc.s:275    .init:0000009e TIM8_TRG_COM_TIM14_IRQHandler
c:/Yuri/Projects/tnkernel_3/examples/CortexM0_M7/CortexM7/GCC/../../../../common_cortex\src/tn_stm32f746_Startup_gcc.s:276    .init:000000a0 TIM8_CC_IRQHandler
c:/Yuri/Projects/tnkernel_3/examples/CortexM0_M7/CortexM7/GCC/../../../../common_cortex\src/tn_stm32f746_Startup_gcc.s:277    .init:000000a2 DMA1_Stream7_IRQHandler
c:/Yuri/Projects/tnkernel_3/examples/CortexM0_M7/CortexM7/GCC/../../../../common_cortex\src/tn_stm32f746_Startup_gcc.s:278    .init:000000a4 FMC_IRQHandler
c:/Yuri/Projects/tnkernel_3/examples/CortexM0_M7/CortexM7/GCC/../../../../common_cortex\src/tn_stm32f746_Startup_gcc.s:279    .init:000000a6 SDMMC1_IRQHandler
c:/Yuri/Projects/tnkernel_3/examples/CortexM0_M7/CortexM7/GCC/../../../../common_cortex\src/tn_stm32f746_Startup_gcc.s:280    .init:000000a8 TIM5_IRQHandler
c:/Yuri/Projects/tnkernel_3/examples/CortexM0_M7/CortexM7/GCC/../../../../common_cortex\src/tn_stm32f746_Startup_gcc.s:281    .init:000000aa SPI3_IRQHandler
c:/Yuri/Projects/tnkernel_3/examples/CortexM0_M7/CortexM7/GCC/../../../../common_cortex\src/tn_stm32f746_Startup_gcc.s:282    .init:000000ac UART4_IRQHandler
c:/Yuri/Projects/tnkernel_3/examples/CortexM0_M7/CortexM7/GCC/../../../../common_cortex\src/tn_stm32f746_Startup_gcc.s:283    .init:000000ae UART5_IRQHandler
c:/Yuri/Projects/tnkernel_3/examples/CortexM0_M7/CortexM7/GCC/../../../../common_cortex\src/tn_stm32f746_Startup_gcc.s:284    .init:000000b0 TIM6_DAC_IRQHandler
c:/Yuri/Projects/tnkernel_3/examples/CortexM0_M7/CortexM7/GCC/../../../../common_cortex\src/tn_stm32f746_Startup_gcc.s:285    .init:000000b2 TIM7_IRQHandler
c:/Yuri/Projects/tnkernel_3/examples/CortexM0_M7/CortexM7/GCC/../../../../common_cortex\src/tn_stm32f746_Startup_gcc.s:286    .init:000000b4 DMA2_Stream0_IRQHandler
c:/Yuri/Projects/tnkernel_3/examples/CortexM0_M7/CortexM7/GCC/../../../../common_cortex\src/tn_stm32f746_Startup_gcc.s:287    .init:000000b6 DMA2_Stream1_IRQHandler
c:/Yuri/Projects/tnkernel_3/examples/CortexM0_M7/CortexM7/GCC/../../../../common_cortex\src/tn_stm32f746_Startup_gcc.s:288    .init:000000b8 DMA2_Stream2_IRQHandler
c:/Yuri/Projects/tnkernel_3/examples/CortexM0_M7/CortexM7/GCC/../../../../common_cortex\src/tn_stm32f746_Startup_gcc.s:289    .init:000000ba DMA2_Stream3_IRQHandler
c:/Yuri/Projects/tnkernel_3/examples/CortexM0_M7/CortexM7/GCC/../../../../common_cortex\src/tn_stm32f746_Startup_gcc.s:290    .init:000000bc DMA2_Stream4_IRQHandler
c:/Yuri/Projects/tnkernel_3/examples/CortexM0_M7/CortexM7/GCC/../../../../common_cortex\src/tn_stm32f746_Startup_gcc.s:291    .init:000000be ETH_IRQHandler
c:/Yuri/Projects/tnkernel_3/examples/CortexM0_M7/CortexM7/GCC/../../../../common_cortex\src/tn_stm32f746_Startup_gcc.s:292    .init:000000c0 ETH_WKUP_IRQHandler
c:/Yuri/Projects/tnkernel_3/examples/CortexM0_M7/CortexM7/GCC/../../../../common_cortex\src/tn_stm32f746_Startup_gcc.s:293    .init:000000c2 CAN2_TX_IRQHandler
c:/Yuri/Projects/tnkernel_3/examples/CortexM0_M7/CortexM7/GCC/../../../../common_cortex\src/tn_stm32f746_Startup_gcc.s:294    .init:000000c4 CAN2_RX0_IRQHandler
c:/Yuri/Projects/tnkernel_3/examples/CortexM0_M7/CortexM7/GCC/../../../../common_cortex\src/tn_stm32f746_Startup_gcc.s:295    .init:000000c6 CAN2_RX1_IRQHandler
c:/Yuri/Projects/tnkernel_3/examples/CortexM0_M7/CortexM7/GCC/../../../../common_cortex\src/tn_stm32f746_Startup_gcc.s:296    .init:000000c8 CAN2_SCE_IRQHandler
c:/Yuri/Projects/tnkernel_3/examples/CortexM0_M7/CortexM7/GCC/../../../../common_cortex\src/tn_stm32f746_Startup_gcc.s:297    .init:000000ca OTG_FS_IRQHandler
c:/Yuri/Projects/tnkernel_3/examples/CortexM0_M7/CortexM7/GCC/../../../../common_cortex\src/tn_stm32f746_Startup_gcc.s:298    .init:000000cc DMA2_Stream5_IRQHandler
c:/Yuri/Projects/tnkernel_3/examples/CortexM0_M7/CortexM7/GCC/../../../../common_cortex\src/tn_stm32f746_Startup_gcc.s:299    .init:000000ce DMA2_Stream6_IRQHandler
c:/Yuri/Projects/tnkernel_3/examples/CortexM0_M7/CortexM7/GCC/../../../../common_cortex\src/tn_stm32f746_Startup_gcc.s:300    .init:000000d0 DMA2_Stream7_IRQHandler
c:/Yuri/Projects/tnkernel_3/examples/CortexM0_M7/CortexM7/GCC/../../../../common_cortex\src/tn_stm32f746_Startup_gcc.s:301    .init:000000d2 USART6_IRQHandler
c:/Yuri/Projects/tnkernel_3/examples/CortexM0_M7/CortexM7/GCC/../../../../common_cortex\src/tn_stm32f746_Startup_gcc.s:302    .init:000000d4 I2C3_EV_IRQHandler
c:/Yuri/Projects/tnkernel_3/examples/CortexM0_M7/CortexM7/GCC/../../../../common_cortex\src/tn_stm32f746_Startup_gcc.s:303    .init:000000d6 I2C3_ER_IRQHandler
c:/Yuri/Projects/tnkernel_3/examples/CortexM0_M7/CortexM7/GCC/../../../../common_cortex\src/tn_stm32f746_Startup_gcc.s:304    .init:000000d8 OTG_HS_EP1_OUT_IRQHandler
c:/Yuri/Projects/tnkernel_3/examples/CortexM0_M7/CortexM7/GCC/../../../../common_cortex\src/tn_stm32f746_Startup_gcc.s:305    .init:000000da OTG_HS_EP1_IN_IRQHandler
c:/Yuri/Projects/tnkernel_3/examples/CortexM0_M7/CortexM7/GCC/../../../../common_cortex\src/tn_stm32f746_Startup_gcc.s:306    .init:000000dc OTG_HS_WKUP_IRQHandler
c:/Yuri/Projects/tnkernel_3/examples/CortexM0_M7/CortexM7/GCC/../../../../common_cortex\src/tn_stm32f746_Startup_gcc.s:307    .init:000000de OTG_HS_IRQHandler
c:/Yuri/Projects/tnkernel_3/examples/CortexM0_M7/CortexM7/GCC/../../../../common_cortex\src/tn_stm32f746_Startup_gcc.s:308    .init:000000e0 DCMI_IRQHandler
c:/Yuri/Projects/tnkernel_3/examples/CortexM0_M7/CortexM7/GCC/../../../../common_cortex\src/tn_stm32f746_Startup_gcc.s:309    .init:000000e2 RNG_IRQHandler
c:/Yuri/Projects/tnkernel_3/examples/CortexM0_M7/CortexM7/GCC/../../../../common_cortex\src/tn_stm32f746_Startup_gcc.s:310    .init:000000e4 FPU_IRQHandler
c:/Yuri/Projects/tnkernel_3/examples/CortexM0_M7/CortexM7/GCC/../../../../common_cortex\src/tn_stm32f746_Startup_gcc.s:311    .init:000000e6 UART7_IRQHandler
c:/Yuri/Projects/tnkernel_3/examples/CortexM0_M7/CortexM7/GCC/../../../../common_cortex\src/tn_stm32f746_Startup_gcc.s:312    .init:000000e8 UART8_IRQHandler
c:/Yuri/Projects/tnkernel_3/examples/CortexM0_M7/CortexM7/GCC/../../../../common_cortex\src/tn_stm32f746_Startup_gcc.s:313    .init:000000ea SPI4_IRQHandler
c:/Yuri/Projects/tnkernel_3/examples/CortexM0_M7/CortexM7/GCC/../../../../common_cortex\src/tn_stm32f746_Startup_gcc.s:314    .init:000000ec SPI5_IRQHandler
c:/Yuri/Projects/tnkernel_3/examples/CortexM0_M7/CortexM7/GCC/../../../../common_cortex\src/tn_stm32f746_Startup_gcc.s:315    .init:000000ee SPI6_IRQHandler
c:/Yuri/Projects/tnkernel_3/examples/CortexM0_M7/CortexM7/GCC/../../../../common_cortex\src/tn_stm32f746_Startup_gcc.s:316    .init:000000f0 SAI1_IRQHandler
c:/Yuri/Projects/tnkernel_3/examples/CortexM0_M7/CortexM7/GCC/../../../../common_cortex\src/tn_stm32f746_Startup_gcc.s:317    .init:000000f2 LTDC_IRQHandler
c:/Yuri/Projects/tnkernel_3/examples/CortexM0_M7/CortexM7/GCC/../../../../common_cortex\src/tn_stm32f746_Startup_gcc.s:318    .init:000000f4 LTDC_ER_IRQHandler
c:/Yuri/Projects/tnkernel_3/examples/CortexM0_M7/CortexM7/GCC/../../../../common_cortex\src/tn_stm32f746_Startup_gcc.s:319    .init:000000f6 DMA2D_IRQHandler
c:/Yuri/Projects/tnkernel_3/examples/CortexM0_M7/CortexM7/GCC/../../../../common_cortex\src/tn_stm32f746_Startup_gcc.s:320    .init:000000f8 SAI2_IRQHandler
c:/Yuri/Projects/tnkernel_3/examples/CortexM0_M7/CortexM7/GCC/../../../../common_cortex\src/tn_stm32f746_Startup_gcc.s:321    .init:000000fa QUADSPI_IRQHandler
c:/Yuri/Projects/tnkernel_3/examples/CortexM0_M7/CortexM7/GCC/../../../../common_cortex\src/tn_stm32f746_Startup_gcc.s:322    .init:000000fc LPTIM1_IRQHandler
c:/Yuri/Projects/tnkernel_3/examples/CortexM0_M7/CortexM7/GCC/../../../../common_cortex\src/tn_stm32f746_Startup_gcc.s:323    .init:000000fe CEC_IRQHandler
c:/Yuri/Projects/tnkernel_3/examples/CortexM0_M7/CortexM7/GCC/../../../../common_cortex\src/tn_stm32f746_Startup_gcc.s:324    .init:00000100 I2C4_EV_IRQHandler
c:/Yuri/Projects/tnkernel_3/examples/CortexM0_M7/CortexM7/GCC/../../../../common_cortex\src/tn_stm32f746_Startup_gcc.s:325    .init:00000102 I2C4_ER_IRQHandler
c:/Yuri/Projects/tnkernel_3/examples/CortexM0_M7/CortexM7/GCC/../../../../common_cortex\src/tn_stm32f746_Startup_gcc.s:326    .init:00000104 SPDIF_RX_IRQHandler
c:/Yuri/Projects/tnkernel_3/examples/CortexM0_M7/CortexM7/GCC/../../../../common_cortex\src/tn_stm32f746_Startup_gcc.s:177    .init:00000000 $t
c:/Yuri/Projects/tnkernel_3/examples/CortexM0_M7/CortexM7/GCC/../../../../common_cortex\src/tn_stm32f746_Startup_gcc.s:329    .init:00000106 $d
c:/Yuri/Projects/tnkernel_3/examples/CortexM0_M7/CortexM7/GCC/../../../../common_cortex\src/tn_stm32f746_Startup_gcc.s:329    .init:00000108 $d

ARM GAS  c:/Yuri/Projects/tnkernel_3/examples/CortexM0_M7/CortexM7/GCC/../../../../common_cortex\src/tn_stm32f746_Startup_gcc.s 			page 17


UNDEFINED SYMBOLS
__stack_end__
__bss_start
__bss_end__
_etext
_data
_edata
SystemInit
main
